Archive member included to satisfy reference by file (symbol)

/home/ddr/embeetle/beetle_tools/linux/gnu_riscv_xpack_toolchain_12.2.0_3_64b/bin/../lib/gcc/riscv-none-elf/12.2.0/libgcc.a(save-restore.o)
                              project/source/user_code/usbd_compostie_km.c.o (__riscv_save_5)
/home/ddr/embeetle/beetle_tools/linux/gnu_riscv_xpack_toolchain_12.2.0_3_64b/bin/../lib/gcc/riscv-none-elf/12.2.0/../../../../riscv-none-elf/lib/libg_nano.a(lib_a-memcmp.o)
                              project/source/user_code/usbd_compostie_km.c.o (memcmp)
/home/ddr/embeetle/beetle_tools/linux/gnu_riscv_xpack_toolchain_12.2.0_3_64b/bin/../lib/gcc/riscv-none-elf/12.2.0/../../../../riscv-none-elf/lib/libg_nano.a(lib_a-memcpy-asm.o)
                              project/source/user_code/usbd_compostie_km.c.o (memcpy)

Discarded input sections

 .group         0x0000000000000000        0xc project/source/Debug/debug.c.o
 .group         0x0000000000000000        0xc project/source/Debug/debug.c.o
 .group         0x0000000000000000        0xc project/source/Debug/debug.c.o
 .group         0x0000000000000000        0xc project/source/Debug/debug.c.o
 .group         0x0000000000000000        0xc project/source/Debug/debug.c.o
 .group         0x0000000000000000        0xc project/source/Debug/debug.c.o
 .group         0x0000000000000000        0xc project/source/Debug/debug.c.o
 .group         0x0000000000000000        0xc project/source/Debug/debug.c.o
 .group         0x0000000000000000        0xc project/source/Debug/debug.c.o
 .group         0x0000000000000000        0xc project/source/Debug/debug.c.o
 .group         0x0000000000000000        0xc project/source/Debug/debug.c.o
 .group         0x0000000000000000        0xc project/source/Debug/debug.c.o
 .group         0x0000000000000000        0xc project/source/Debug/debug.c.o
 .group         0x0000000000000000        0xc project/source/Debug/debug.c.o
 .group         0x0000000000000000        0xc project/source/Debug/debug.c.o
 .group         0x0000000000000000        0xc project/source/Debug/debug.c.o
 .group         0x0000000000000000        0xc project/source/Debug/debug.c.o
 .group         0x0000000000000000        0xc project/source/Debug/debug.c.o
 .group         0x0000000000000000        0xc project/source/Debug/debug.c.o
 .group         0x0000000000000000        0xc project/source/Debug/debug.c.o
 .group         0x0000000000000000        0xc project/source/Debug/debug.c.o
 .group         0x0000000000000000        0xc project/source/Debug/debug.c.o
 .group         0x0000000000000000        0xc project/source/Debug/debug.c.o
 .group         0x0000000000000000        0xc project/source/Debug/debug.c.o
 .group         0x0000000000000000        0xc project/source/Debug/debug.c.o
 .group         0x0000000000000000        0xc project/source/Debug/debug.c.o
 .group         0x0000000000000000        0xc project/source/Debug/debug.c.o
 .group         0x0000000000000000        0xc project/source/Debug/debug.c.o
 .group         0x0000000000000000        0xc project/source/Debug/debug.c.o
 .group         0x0000000000000000        0xc project/source/Debug/debug.c.o
 .group         0x0000000000000000        0xc project/source/Debug/debug.c.o
 .group         0x0000000000000000        0xc project/source/Debug/debug.c.o
 .group         0x0000000000000000        0xc project/source/Debug/debug.c.o
 .group         0x0000000000000000        0xc project/source/Debug/debug.c.o
 .group         0x0000000000000000        0xc project/source/Debug/debug.c.o
 .group         0x0000000000000000        0xc project/source/Debug/debug.c.o
 .group         0x0000000000000000        0xc project/source/Debug/debug.c.o
 .group         0x0000000000000000        0xc project/source/Debug/debug.c.o
 .group         0x0000000000000000        0xc project/source/Debug/debug.c.o
 .group         0x0000000000000000        0xc project/source/Debug/debug.c.o
 .group         0x0000000000000000        0xc project/source/Debug/debug.c.o
 .group         0x0000000000000000        0xc project/source/Debug/debug.c.o
 .group         0x0000000000000000        0xc project/source/Debug/debug.c.o
 .group         0x0000000000000000        0xc project/source/Debug/debug.c.o
 .group         0x0000000000000000        0xc project/source/Debug/debug.c.o
 .group         0x0000000000000000        0xc project/source/Debug/debug.c.o
 .group         0x0000000000000000        0xc project/source/Debug/debug.c.o
 .group         0x0000000000000000        0xc project/source/Debug/debug.c.o
 .group         0x0000000000000000        0xc project/source/Debug/debug.c.o
 .group         0x0000000000000000        0xc project/source/Debug/debug.c.o
 .group         0x0000000000000000        0xc project/source/Debug/debug.c.o
 .group         0x0000000000000000        0xc project/source/Debug/debug.c.o
 .group         0x0000000000000000        0xc project/source/Debug/debug.c.o
[...]
Memory Configuration

Name             Origin             Length             Attributes
FLASH            0x0000000000000000 0x0000000000008000 xr
RAM              0x0000000020000000 0x0000000000002800 xrw
*default*        0x0000000000000000 0xffffffffffffffff

Linker script and memory map

LOAD project/source/Debug/debug.c.o
LOAD project/source/Peripheral/src/ch32v20x_exti.c.o
LOAD project/source/Peripheral/src/ch32v20x_gpio.c.o
LOAD project/source/Peripheral/src/ch32v20x_i2c.c.o
LOAD project/source/Peripheral/src/ch32v20x_misc.c.o
LOAD project/source/Peripheral/src/ch32v20x_rcc.c.o
LOAD project/source/Peripheral/src/ch32v20x_tim.c.o
LOAD project/source/Peripheral/src/ch32v20x_usart.c.o
LOAD project/source/user_code/Main.c.o
LOAD project/source/user_code/USBLIB/CONFIG/hw_config.c.o
LOAD project/source/user_code/USBLIB/CONFIG/usb_desc.c.o
LOAD project/source/user_code/USBLIB/CONFIG/usb_endp.c.o
LOAD project/source/user_code/USBLIB/CONFIG/usb_istr.c.o
LOAD project/source/user_code/USBLIB/CONFIG/usb_prop.c.o
LOAD project/source/user_code/USBLIB/CONFIG/usb_pwr.c.o
LOAD project/source/user_code/USBLIB/USB-Driver/src/usb_core.c.o
LOAD project/source/user_code/USBLIB/USB-Driver/src/usb_init.c.o
LOAD project/source/user_code/USBLIB/USB-Driver/src/usb_int.c.o
LOAD project/source/user_code/USBLIB/USB-Driver/src/usb_mem.c.o
LOAD project/source/user_code/USBLIB/USB-Driver/src/usb_regs.c.o
LOAD project/source/user_code/USBLIB/USB-Driver/src/usb_sil.c.o
LOAD project/source/user_code/ch32v20x_it.c.o
LOAD project/source/user_code/system_ch32v20x.c.o
LOAD project/source/user_code/usbd_compostie_km.c.o
LOAD project/source/Startup/startup_ch32v20x_D6.S.o
LOAD /home/ddr/embeetle/beetle_tools/linux/gnu_riscv_xpack_toolchain_12.2.0_3_64b/bin/../lib/gcc/riscv-none-elf/12.2.0/../../../../riscv-none-elf/lib/libm_nano.a
LOAD /home/ddr/embeetle/beetle_tools/linux/gnu_riscv_xpack_toolchain_12.2.0_3_64b/bin/../lib/gcc/riscv-none-elf/12.2.0/libgcc.a
LOAD /home/ddr/embeetle/beetle_tools/linux/gnu_riscv_xpack_toolchain_12.2.0_3_64b/bin/../lib/gcc/riscv-none-elf/12.2.0/../../../../riscv-none-elf/lib/libg_nano.a
LOAD /home/ddr/embeetle/beetle_tools/linux/gnu_riscv_xpack_toolchain_12.2.0_3_64b/bin/../lib/gcc/riscv-none-elf/12.2.0/../../../../riscv-none-elf/lib/libc_nano.a
LOAD /home/ddr/embeetle/beetle_tools/linux/gnu_riscv_xpack_toolchain_12.2.0_3_64b/bin/../lib/gcc/riscv-none-elf/12.2.0/libgcc.a
START GROUP
LOAD /home/ddr/embeetle/beetle_tools/linux/gnu_riscv_xpack_toolchain_12.2.0_3_64b/bin/../lib/gcc/riscv-none-elf/12.2.0/libgcc.a
LOAD /home/ddr/embeetle/beetle_tools/linux/gnu_riscv_xpack_toolchain_12.2.0_3_64b/bin/../lib/gcc/riscv-none-elf/12.2.0/../../../../riscv-none-elf/lib/libc_nano.a
LOAD /home/ddr/embeetle/beetle_tools/linux/gnu_riscv_xpack_toolchain_12.2.0_3_64b/bin/../lib/gcc/riscv-none-elf/12.2.0/../../../../riscv-none-elf/lib/libnosys.a
END GROUP
START GROUP
LOAD /home/ddr/embeetle/beetle_tools/linux/gnu_riscv_xpack_toolchain_12.2.0_3_64b/bin/../lib/gcc/riscv-none-elf/12.2.0/libgcc.a
LOAD /home/ddr/embeetle/beetle_tools/linux/gnu_riscv_xpack_toolchain_12.2.0_3_64b/bin/../lib/gcc/riscv-none-elf/12.2.0/../../../../riscv-none-elf/lib/libc_nano.a
LOAD /home/ddr/embeetle/beetle_tools/linux/gnu_riscv_xpack_toolchain_12.2.0_3_64b/bin/../lib/gcc/riscv-none-elf/12.2.0/../../../../riscv-none-elf/lib/libnosys.a
END GROUP
                0x0000000000000800                __stack_size = 0x800
                [!provide]                        PROVIDE (_stack_size = __stack_size)

.init           0x0000000000000000       0x38
                0x0000000000000000                _sinit = .
                0x0000000000000000                . = ALIGN (0x4)
 *(SORT_NONE(.init))
 .init          0x0000000000000000       0x38 project/source/Startup/startup_ch32v20x_D6.S.o
                0x0000000000000000                _start
                0x0000000000000038                . = ALIGN (0x4)
                0x0000000000000038                _einit = .

.vector         0x0000000000000038      0x108
 *(.vector)
 .vector        0x0000000000000038       0xfc project/source/Startup/startup_ch32v20x_D6.S.o
                0x0000000000000140                . = ALIGN (0x40)
 *fill*         0x0000000000000134        0xc 

.text           0x0000000000000140     0x35f0
                0x0000000000000140                . = ALIGN (0x4)
 *(.text)
 .text          0x0000000000000140       0x60 /home/ddr/embeetle/beetle_tools/linux/gnu_riscv_xpack_toolchain_12.2.0_3_64b/bin/../lib/gcc/riscv-none-elf/12.2.0/libgcc.a(save-restore.o)
                0x0000000000000140                __riscv_save_12
                0x0000000000000148                __riscv_save_8
                0x0000000000000148                __riscv_save_11
                0x0000000000000148                __riscv_save_9
                0x0000000000000148                __riscv_save_10
                0x0000000000000156                __riscv_save_7
                0x0000000000000156                __riscv_save_4
                0x0000000000000156                __riscv_save_6
                0x0000000000000156                __riscv_save_5
                0x0000000000000170                __riscv_save_1
                0x0000000000000170                __riscv_save_3
                0x0000000000000170                __riscv_save_2
                0x0000000000000170                __riscv_save_0
                0x000000000000017c                __riscv_restore_12
                0x0000000000000180                __riscv_restore_10
                0x0000000000000180                __riscv_restore_11
                0x0000000000000180                __riscv_restore_8
                0x0000000000000180                __riscv_restore_9
                0x000000000000018a                __riscv_restore_5
                0x000000000000018a                __riscv_restore_6
                0x000000000000018a                __riscv_restore_4
                0x000000000000018a                __riscv_restore_7
                0x0000000000000194                __riscv_restore_3
                0x0000000000000194                __riscv_restore_2
                0x0000000000000194                __riscv_restore_0
                0x0000000000000194                __riscv_restore_1
 .text          0x00000000000001a0       0x16 /home/ddr/embeetle/beetle_tools/linux/gnu_riscv_xpack_toolchain_12.2.0_3_64b/bin/../lib/gcc/riscv-none-elf/12.2.0/../../../../riscv-none-elf/lib/libg_nano.a(lib_a-memcpy-asm.o)
                0x00000000000001a0                memcpy
 *(.text.*)
 .text.Delay_Init
                0x00000000000001b6       0x26 project/source/Debug/debug.c.o
                0x00000000000001b6                Delay_Init
 .text.Delay_Ms
                0x00000000000001dc       0x3e project/source/Debug/debug.c.o
                0x00000000000001dc                Delay_Ms
 .text.EXTI_Init
                0x000000000000021a       0xa2 project/source/Peripheral/src/ch32v20x_exti.c.o
                0x000000000000021a                EXTI_Init
 .text.EXTI_GetFlagStatus
                0x00000000000002bc       0x12 project/source/Peripheral/src/ch32v20x_exti.c.o
                0x00000000000002bc                EXTI_GetFlagStatus
 .text.EXTI_ClearFlag
                0x00000000000002ce        0xa project/source/Peripheral/src/ch32v20x_exti.c.o
                0x00000000000002ce                EXTI_ClearFlag
 .text.EXTI_ClearITPendingBit
                0x00000000000002d8        0xa project/source/Peripheral/src/ch32v20x_exti.c.o
                0x00000000000002d8                EXTI_ClearITPendingBit
 .text.GPIO_Init
                0x00000000000002e2      0x106 project/source/Peripheral/src/ch32v20x_gpio.c.o
                0x00000000000002e2                GPIO_Init
 .text.GPIO_ReadInputData
                0x00000000000003e8       0x24 project/source/Peripheral/src/ch32v20x_gpio.c.o
                0x00000000000003e8                GPIO_ReadInputData
 .text.GPIO_Write
                0x000000000000040c       0x16 project/source/Peripheral/src/ch32v20x_gpio.c.o
                0x000000000000040c                GPIO_Write
 .text.GPIO_PinRemapConfig
                0x0000000000000422      0x10e project/source/Peripheral/src/ch32v20x_gpio.c.o
                0x0000000000000422                GPIO_PinRemapConfig
 .text.GPIO_EXTILineConfig
                0x0000000000000530       0x2c project/source/Peripheral/src/ch32v20x_gpio.c.o
                0x0000000000000530                GPIO_EXTILineConfig
 .text.I2C_Init
                0x000000000000055c      0x120 project/source/Peripheral/src/ch32v20x_i2c.c.o
                0x000000000000055c                I2C_Init
 .text.I2C_Cmd  0x000000000000067c       0x24 project/source/Peripheral/src/ch32v20x_i2c.c.o
                0x000000000000067c                I2C_Cmd
 .text.I2C_SendData
                0x00000000000006a0        0x6 project/source/Peripheral/src/ch32v20x_i2c.c.o
                0x00000000000006a0                I2C_SendData
 .text.I2C_CheckEvent
                0x00000000000006a6       0x22 project/source/Peripheral/src/ch32v20x_i2c.c.o
                0x00000000000006a6                I2C_CheckEvent
 .text.I2C_GetFlagStatus
                0x00000000000006c8       0x38 project/source/Peripheral/src/ch32v20x_i2c.c.o
                0x00000000000006c8                I2C_GetFlagStatus
 .text.NVIC_PriorityGroupConfig
                0x0000000000000700        0x6 project/source/Peripheral/src/ch32v20x_misc.c.o
                0x0000000000000700                NVIC_PriorityGroupConfig
 .text.NVIC_Init
                0x0000000000000706      0x19a project/source/Peripheral/src/ch32v20x_misc.c.o
                0x0000000000000706                NVIC_Init
 .text.RCC_USBCLKConfig
                0x00000000000008a0       0x1a project/source/Peripheral/src/ch32v20x_rcc.c.o
                0x00000000000008a0                RCC_USBCLKConfig
 .text.RCC_GetClocksFreq
                0x00000000000008ba      0x114 project/source/Peripheral/src/ch32v20x_rcc.c.o
                0x00000000000008ba                RCC_GetClocksFreq
 .text.RCC_APB2PeriphClockCmd
                0x00000000000009ce       0x1e project/source/Peripheral/src/ch32v20x_rcc.c.o
                0x00000000000009ce                RCC_APB2PeriphClockCmd
 .text.RCC_APB1PeriphClockCmd
                0x00000000000009ec       0x1e project/source/Peripheral/src/ch32v20x_rcc.c.o
                0x00000000000009ec                RCC_APB1PeriphClockCmd
 .text.TIM_TimeBaseInit
                0x0000000000000a0a       0x86 project/source/Peripheral/src/ch32v20x_tim.c.o
                0x0000000000000a0a                TIM_TimeBaseInit
 .text.TIM_Cmd  0x0000000000000a90       0x24 project/source/Peripheral/src/ch32v20x_tim.c.o
                0x0000000000000a90                TIM_Cmd
 .text.TIM_ITConfig
                0x0000000000000ab4       0x1e project/source/Peripheral/src/ch32v20x_tim.c.o
                0x0000000000000ab4                TIM_ITConfig
 .text.TIM_GetITStatus
                0x0000000000000ad2       0x1c project/source/Peripheral/src/ch32v20x_tim.c.o
                0x0000000000000ad2                TIM_GetITStatus
 .text.TIM_ClearITPendingBit
                0x0000000000000aee        0xe project/source/Peripheral/src/ch32v20x_tim.c.o
                0x0000000000000aee                TIM_ClearITPendingBit
 .text.USART_SendData
                0x0000000000000afc        0xa project/source/Peripheral/src/ch32v20x_usart.c.o
                0x0000000000000afc                USART_SendData
 .text.USART_GetFlagStatus
                0x0000000000000b06       0x10 project/source/Peripheral/src/ch32v20x_usart.c.o
                0x0000000000000b06                USART_GetFlagStatus
 .text.main     0x0000000000000b16       0x58 project/source/user_code/Main.c.o
                0x0000000000000b16                main
 .text.USBWakeUp_IRQHandler
                0x0000000000000b6e        0xc project/source/user_code/USBLIB/CONFIG/hw_config.c.o
                0x0000000000000b6e                USBWakeUp_IRQHandler
 .text.USB_LP_CAN1_RX0_IRQHandler
                0x0000000000000b7a        0x6 project/source/user_code/USBLIB/CONFIG/hw_config.c.o
                0x0000000000000b7a                USB_LP_CAN1_RX0_IRQHandler
 .text.Set_USBConfig
                0x0000000000000b80       0x4a project/source/user_code/USBLIB/CONFIG/hw_config.c.o
                0x0000000000000b80                Set_USBConfig
 .text.Enter_LowPowerMode
                0x0000000000000bca       0x34 project/source/user_code/USBLIB/CONFIG/hw_config.c.o
                0x0000000000000bca                Enter_LowPowerMode
 .text.Leave_LowPowerMode
                0x0000000000000bfe       0x26 project/source/user_code/USBLIB/CONFIG/hw_config.c.o
                0x0000000000000bfe                Leave_LowPowerMode
 .text.USB_Interrupts_Config
                0x0000000000000c24       0x50 project/source/user_code/USBLIB/CONFIG/hw_config.c.o
                0x0000000000000c24                USB_Interrupts_Config
 .text.USB_Port_Set
                0x0000000000000c74       0xc2 project/source/user_code/USBLIB/CONFIG/hw_config.c.o
                0x0000000000000c74                USB_Port_Set
 .text.EP1_IN_Callback
                0x0000000000000d36        0x6 project/source/user_code/USBLIB/CONFIG/usb_endp.c.o
                0x0000000000000d36                EP1_IN_Callback
 .text.EP2_IN_Callback
                0x0000000000000d3c        0x6 project/source/user_code/USBLIB/CONFIG/usb_endp.c.o
                0x0000000000000d3c                EP2_IN_Callback
 .text.USBD_ENDPx_DataUp
                0x0000000000000d42       0x60 project/source/user_code/USBLIB/CONFIG/usb_endp.c.o
                0x0000000000000d42                USBD_ENDPx_DataUp
 .text.USB_Istr
                0x0000000000000da2      0x240 project/source/user_code/USBLIB/CONFIG/usb_istr.c.o
                0x0000000000000da2                USB_Istr
 .text.USBD_SetConfiguration
                0x0000000000000fe2       0x12 project/source/user_code/USBLIB/CONFIG/usb_prop.c.o
                0x0000000000000fe2                USBD_SetConfiguration
 .text.USBD_SetDeviceAddress
                0x0000000000000ff4        0x8 project/source/user_code/USBLIB/CONFIG/usb_prop.c.o
                0x0000000000000ff4                USBD_SetDeviceAddress
 .text.USBD_SetDeviceFeature
                0x0000000000000ffc        0xe project/source/user_code/USBLIB/CONFIG/usb_prop.c.o
                0x0000000000000ffc                USBD_SetDeviceFeature
 .text.USBD_ClearFeature
                0x000000000000100a        0xe project/source/user_code/USBLIB/CONFIG/usb_prop.c.o
                0x000000000000100a                USBD_ClearFeature
 .text.USBD_Status_In
                0x0000000000001018        0x2 project/source/user_code/USBLIB/CONFIG/usb_prop.c.o
                0x0000000000001018                USBD_Status_In
 .text.USBD_Status_Out
                0x000000000000101a        0x2 project/source/user_code/USBLIB/CONFIG/usb_prop.c.o
                0x000000000000101a                USBD_Status_Out
 .text.USBD_Get_Interface_Setting
                0x000000000000101c       0x14 project/source/user_code/USBLIB/CONFIG/usb_prop.c.o
                0x000000000000101c                USBD_Get_Interface_Setting
 .text.USBD_Data_Setup
                0x0000000000001030       0xc4 project/source/user_code/USBLIB/CONFIG/usb_prop.c.o
                0x0000000000001030                USBD_Data_Setup
 .text.USBD_NoData_Setup
                0x00000000000010f4       0x68 project/source/user_code/USBLIB/CONFIG/usb_prop.c.o
                0x00000000000010f4                USBD_NoData_Setup
 .text.HID_Set_Report
                0x000000000000115c       0x18 project/source/user_code/USBLIB/CONFIG/usb_prop.c.o
                0x000000000000115c                HID_Set_Report
 .text.HID_Get_Idle
                0x0000000000001174       0x1a project/source/user_code/USBLIB/CONFIG/usb_prop.c.o
                0x0000000000001174                HID_Get_Idle
 .text.HID_Get_Protocol
                0x000000000000118e       0x1a project/source/user_code/USBLIB/CONFIG/usb_prop.c.o
                0x000000000000118e                HID_Get_Protocol
 .text.USBD_init
                0x00000000000011a8       0x62 project/source/user_code/USBLIB/CONFIG/usb_prop.c.o
                0x00000000000011a8                USBD_init
 .text.USBD_Reset
                0x000000000000120a      0x1b0 project/source/user_code/USBLIB/CONFIG/usb_prop.c.o
                0x000000000000120a                USBD_Reset
 .text.USBD_GetDeviceDescriptor
                0x00000000000013ba       0x10 project/source/user_code/USBLIB/CONFIG/usb_prop.c.o
                0x00000000000013ba                USBD_GetDeviceDescriptor
 .text.USBD_GetConfigDescriptor
                0x00000000000013ca       0x14 project/source/user_code/USBLIB/CONFIG/usb_prop.c.o
                0x00000000000013ca                USBD_GetConfigDescriptor
 .text.USBD_GetStringDescriptor
                0x00000000000013de       0x2a project/source/user_code/USBLIB/CONFIG/usb_prop.c.o
                0x00000000000013de                USBD_GetStringDescriptor
 .text.USBD_GetReportDescriptor
                0x0000000000001408       0x2a project/source/user_code/USBLIB/CONFIG/usb_prop.c.o
                0x0000000000001408                USBD_GetReportDescriptor
 .text.USBD_GetHidDescriptor
                0x0000000000001432       0x2a project/source/user_code/USBLIB/CONFIG/usb_prop.c.o
                0x0000000000001432                USBD_GetHidDescriptor
 .text.PowerOn  0x000000000000145c       0x28 project/source/user_code/USBLIB/CONFIG/usb_pwr.c.o
                0x000000000000145c                PowerOn
 .text.Suspend  0x0000000000001484       0xbc project/source/user_code/USBLIB/CONFIG/usb_pwr.c.o
                0x0000000000001484                Suspend
 .text.Resume_Init
                0x0000000000001540       0x2c project/source/user_code/USBLIB/CONFIG/usb_pwr.c.o
                0x0000000000001540                Resume_Init
 .text.Resume   0x000000000000156c       0xee project/source/user_code/USBLIB/CONFIG/usb_pwr.c.o
                0x000000000000156c                Resume
 .text.Standard_GetConfiguration
                0x000000000000165a       0x24 project/source/user_code/USBLIB/USB-Driver/src/usb_core.c.o
                0x000000000000165a                Standard_GetConfiguration
 .text.Standard_GetInterface
                0x000000000000167e       0x24 project/source/user_code/USBLIB/USB-Driver/src/usb_core.c.o
                0x000000000000167e                Standard_GetInterface
 .text.Standard_GetStatus
                0x00000000000016a2       0xc8 project/source/user_code/USBLIB/USB-Driver/src/usb_core.c.o
                0x00000000000016a2                Standard_GetStatus
 .text.DataStageIn
                0x000000000000176a       0xbc project/source/user_code/USBLIB/USB-Driver/src/usb_core.c.o
 .text.Data_Setup0
                0x0000000000001826      0x22a project/source/user_code/USBLIB/USB-Driver/src/usb_core.c.o
 .text.DataStageOut
                0x0000000000001a50       0xc0 project/source/user_code/USBLIB/USB-Driver/src/usb_core.c.o
 .text.Standard_SetConfiguration
                0x0000000000001b10       0x42 project/source/user_code/USBLIB/USB-Driver/src/usb_core.c.o
                0x0000000000001b10                Standard_SetConfiguration
 .text.Standard_SetInterface
                0x0000000000001b52       0x64 project/source/user_code/USBLIB/USB-Driver/src/usb_core.c.o
                0x0000000000001b52                Standard_SetInterface
 .text.Standard_ClearFeature
                0x0000000000001bb6      0x168 project/source/user_code/USBLIB/USB-Driver/src/usb_core.c.o
                0x0000000000001bb6                Standard_ClearFeature
 .text.Standard_SetEndPointFeature
                0x0000000000001d1e       0xf8 project/source/user_code/USBLIB/USB-Driver/src/usb_core.c.o
                0x0000000000001d1e                Standard_SetEndPointFeature
 .text.Standard_SetDeviceFeature
                0x0000000000001e16       0x22 project/source/user_code/USBLIB/USB-Driver/src/usb_core.c.o
                0x0000000000001e16                Standard_SetDeviceFeature
 .text.NoData_Setup0
                0x0000000000001e38      0x10c project/source/user_code/USBLIB/USB-Driver/src/usb_core.c.o
 .text.Standard_GetDescriptorData
                0x0000000000001f44       0x1e project/source/user_code/USBLIB/USB-Driver/src/usb_core.c.o
                0x0000000000001f44                Standard_GetDescriptorData
 .text.Post0_Process
                0x0000000000001f62       0x3c project/source/user_code/USBLIB/USB-Driver/src/usb_core.c.o
                0x0000000000001f62                Post0_Process
 .text.Setup0_Process
                0x0000000000001f9e       0x92 project/source/user_code/USBLIB/USB-Driver/src/usb_core.c.o
                0x0000000000001f9e                Setup0_Process
 .text.Out0_Process
                0x0000000000002030       0x5c project/source/user_code/USBLIB/USB-Driver/src/usb_core.c.o
                0x0000000000002030                Out0_Process
 .text.SetDeviceAddress
                0x000000000000208c       0x44 project/source/user_code/USBLIB/USB-Driver/src/usb_core.c.o
                0x000000000000208c                SetDeviceAddress
 .text.In0_Process
                0x00000000000020d0       0x6c project/source/user_code/USBLIB/USB-Driver/src/usb_core.c.o
                0x00000000000020d0                In0_Process
 .text.NOP_Process
                0x000000000000213c        0x2 project/source/user_code/USBLIB/USB-Driver/src/usb_core.c.o
                0x000000000000213c                NOP_Process
 .text.USB_Init
                0x000000000000213e       0x2a project/source/user_code/USBLIB/USB-Driver/src/usb_init.c.o
                0x000000000000213e                USB_Init
 .text.CTR_LP   0x0000000000002168      0x44a project/source/user_code/USBLIB/USB-Driver/src/usb_int.c.o
                0x0000000000002168                CTR_LP
 .text.UserToPMABufferCopy
                0x00000000000025b2       0x28 project/source/user_code/USBLIB/USB-Driver/src/usb_mem.c.o
                0x00000000000025b2                UserToPMABufferCopy
 .text.PMAToUserBufferCopy
                0x00000000000025da       0x1e project/source/user_code/USBLIB/USB-Driver/src/usb_mem.c.o
                0x00000000000025da                PMAToUserBufferCopy
 .text.SetBTABLE
                0x00000000000025f8       0x10 project/source/user_code/USBLIB/USB-Driver/src/usb_regs.c.o
                0x00000000000025f8                SetBTABLE
 .text.SetEPType
                0x0000000000002608       0x28 project/source/user_code/USBLIB/USB-Driver/src/usb_regs.c.o
                0x0000000000002608                SetEPType
 .text.SetEPTxStatus
                0x0000000000002630       0x4c project/source/user_code/USBLIB/USB-Driver/src/usb_regs.c.o
                0x0000000000002630                SetEPTxStatus
 .text.SetEPRxValid
                0x000000000000267c       0x40 project/source/user_code/USBLIB/USB-Driver/src/usb_regs.c.o
                0x000000000000267c                SetEPRxValid
 .text.Clear_Status_Out
                0x00000000000026bc       0x2a project/source/user_code/USBLIB/USB-Driver/src/usb_regs.c.o
                0x00000000000026bc                Clear_Status_Out
 .text.ClearDTOG_RX
                0x00000000000026e6       0x2a project/source/user_code/USBLIB/USB-Driver/src/usb_regs.c.o
                0x00000000000026e6                ClearDTOG_RX
 .text.ClearDTOG_TX
                0x0000000000002710       0x2a project/source/user_code/USBLIB/USB-Driver/src/usb_regs.c.o
                0x0000000000002710                ClearDTOG_TX
 .text.SetEPTxAddr
                0x000000000000273a       0x20 project/source/user_code/USBLIB/USB-Driver/src/usb_regs.c.o
                0x000000000000273a                SetEPTxAddr
 .text.SetEPRxAddr
                0x000000000000275a       0x22 project/source/user_code/USBLIB/USB-Driver/src/usb_regs.c.o
                0x000000000000275a                SetEPRxAddr
 .text.GetEPTxAddr
                0x000000000000277c       0x1e project/source/user_code/USBLIB/USB-Driver/src/usb_regs.c.o
                0x000000000000277c                GetEPTxAddr
 .text.GetEPRxAddr
                0x000000000000279a       0x20 project/source/user_code/USBLIB/USB-Driver/src/usb_regs.c.o
                0x000000000000279a                GetEPRxAddr
 .text.SetEPTxCount
                0x00000000000027ba       0x1e project/source/user_code/USBLIB/USB-Driver/src/usb_regs.c.o
                0x00000000000027ba                SetEPTxCount
 .text.SetEPRxCount
                0x00000000000027d8       0x8c project/source/user_code/USBLIB/USB-Driver/src/usb_regs.c.o
                0x00000000000027d8                SetEPRxCount
 .text.ByteSwap
                0x0000000000002864        0xc project/source/user_code/USBLIB/USB-Driver/src/usb_regs.c.o
                0x0000000000002864                ByteSwap
 .text.USB_SIL_Init
                0x0000000000002870       0x20 project/source/user_code/USBLIB/USB-Driver/src/usb_sil.c.o
                0x0000000000002870                USB_SIL_Init
 .text.USB_SIL_Write
                0x0000000000002890       0x2a project/source/user_code/USBLIB/USB-Driver/src/usb_sil.c.o
                0x0000000000002890                USB_SIL_Write
 .text.NMI_Handler
                0x00000000000028ba        0x4 project/source/user_code/ch32v20x_it.c.o
                0x00000000000028ba                NMI_Handler
 .text.HardFault_Handler
                0x00000000000028be        0x2 project/source/user_code/ch32v20x_it.c.o
                0x00000000000028be                HardFault_Handler
 .text.SetSysClockTo48_HSI
                0x00000000000028c0       0x74 project/source/user_code/system_ch32v20x.c.o
 .text.SetSysClock
                0x0000000000002934        0x2 project/source/user_code/system_ch32v20x.c.o
 .text.SystemInit
                0x0000000000002936       0x42 project/source/user_code/system_ch32v20x.c.o
                0x0000000000002936                SystemInit
 .text.WS2812BSimpleSend
                0x0000000000002978       0xb4 project/source/user_code/usbd_compostie_km.c.o
 .text.LED_Lana_SetColour
                0x0000000000002a2c       0x22 project/source/user_code/usbd_compostie_km.c.o
 .text.LED_Red_Toggle
                0x0000000000002a4e       0x34 project/source/user_code/usbd_compostie_km.c.o
 .text.io_to_scan_result
                0x0000000000002a82       0x38 project/source/user_code/usbd_compostie_km.c.o
 .text.get_keycode
                0x0000000000002aba       0x34 project/source/user_code/usbd_compostie_km.c.o
 .text.LED_Backlight_SetBrightness
                0x0000000000002aee       0x38 project/source/user_code/usbd_compostie_km.c.o
 .text.toggle_backlight
                0x0000000000002b26       0x24 project/source/user_code/usbd_compostie_km.c.o
 .text.KB_Set_Col
                0x0000000000002b4a       0x84 project/source/user_code/usbd_compostie_km.c.o
 .text.determine_hid_report
                0x0000000000002bce       0x96 project/source/user_code/usbd_compostie_km.c.o
 .text.handle_fn
                0x0000000000002c64      0x220 project/source/user_code/usbd_compostie_km.c.o
 .text.wait_for_flag
                0x0000000000002e84       0x30 project/source/user_code/usbd_compostie_km.c.o
 .text.wait_for_event
                0x0000000000002eb4       0x30 project/source/user_code/usbd_compostie_km.c.o
 .text.TIM3_Init
                0x0000000000002ee4       0x74 project/source/user_code/usbd_compostie_km.c.o
                0x0000000000002ee4                TIM3_Init
 .text.IIC_Init
                0x0000000000002f58       0x9a project/source/user_code/usbd_compostie_km.c.o
                0x0000000000002f58                IIC_Init
 .text.LED_Init_Neopixel
                0x0000000000002ff2       0x58 project/source/user_code/usbd_compostie_km.c.o
                0x0000000000002ff2                LED_Init_Neopixel
 .text.KB_Scan_Init
                0x000000000000304a       0x68 project/source/user_code/usbd_compostie_km.c.o
                0x000000000000304a                KB_Scan_Init
 .text.KB_Sleep_Wakeup_Cfg
                0x00000000000030b2       0xe8 project/source/user_code/usbd_compostie_km.c.o
                0x00000000000030b2                KB_Sleep_Wakeup_Cfg
 .text.KB_Scan  0x000000000000319a       0xc2 project/source/user_code/usbd_compostie_km.c.o
                0x000000000000319a                KB_Scan
 .text.TIM3_IRQHandler
                0x000000000000325c       0x28 project/source/user_code/usbd_compostie_km.c.o
                0x000000000000325c                TIM3_IRQHandler
 .text.KB_Scan_Handle
                0x0000000000003284      0x1ac project/source/user_code/usbd_compostie_km.c.o
                0x0000000000003284                KB_Scan_Handle
 .text.MCU_Sleep_Wakeup_Operate
                0x0000000000003430       0x70 project/source/user_code/usbd_compostie_km.c.o
                0x0000000000003430                MCU_Sleep_Wakeup_Operate
 .text.vector_handler
                0x00000000000034a0       0x6c project/source/Startup/startup_ch32v20x_D6.S.o
                0x00000000000034a4                Ecall_M_Mode_Handler
                0x00000000000034a6                Ecall_U_Mode_Handler
                0x00000000000034a8                Break_Point_Handler
                0x00000000000034aa                SysTick_Handler
                0x00000000000034ac                SW_Handler
                0x00000000000034ae                WWDG_IRQHandler
                0x00000000000034b0                PVD_IRQHandler
                0x00000000000034b2                TAMPER_IRQHandler
                0x00000000000034b4                RTC_IRQHandler
                0x00000000000034b6                FLASH_IRQHandler
                0x00000000000034b8                RCC_IRQHandler
                0x00000000000034ba                EXTI0_IRQHandler
                0x00000000000034bc                EXTI1_IRQHandler
                0x00000000000034be                EXTI2_IRQHandler
                0x00000000000034c0                EXTI3_IRQHandler
                0x00000000000034c2                EXTI4_IRQHandler
                0x00000000000034c4                DMA1_Channel1_IRQHandler
                0x00000000000034c6                DMA1_Channel2_IRQHandler
                0x00000000000034c8                DMA1_Channel3_IRQHandler
                0x00000000000034ca                DMA1_Channel4_IRQHandler
                0x00000000000034cc                DMA1_Channel5_IRQHandler
                0x00000000000034ce                DMA1_Channel6_IRQHandler
                0x00000000000034d0                DMA1_Channel7_IRQHandler
                0x00000000000034d2                ADC1_2_IRQHandler
                0x00000000000034d4                USB_HP_CAN1_TX_IRQHandler
                0x00000000000034d8                CAN1_RX1_IRQHandler
                0x00000000000034da                CAN1_SCE_IRQHandler
                0x00000000000034dc                EXTI9_5_IRQHandler
                0x00000000000034de                TIM1_BRK_IRQHandler
                0x00000000000034e0                TIM1_UP_IRQHandler
                0x00000000000034e2                TIM1_TRG_COM_IRQHandler
                0x00000000000034e4                TIM1_CC_IRQHandler
                0x00000000000034e6                TIM2_IRQHandler
                0x00000000000034ea                TIM4_IRQHandler
                0x00000000000034ec                I2C1_EV_IRQHandler
                0x00000000000034ee                I2C1_ER_IRQHandler
                0x00000000000034f0                I2C2_EV_IRQHandler
                0x00000000000034f2                I2C2_ER_IRQHandler
                0x00000000000034f4                SPI1_IRQHandler
                0x00000000000034f6                SPI2_IRQHandler
                0x00000000000034f8                USART1_IRQHandler
                0x00000000000034fa                USART2_IRQHandler
                0x00000000000034fc                USART3_IRQHandler
                0x00000000000034fe                EXTI15_10_IRQHandler
                0x0000000000003500                RTCAlarm_IRQHandler
                0x0000000000003504                USBHD_IRQHandler
                0x0000000000003506                USBHDWakeUp_IRQHandler
                0x0000000000003508                UART4_IRQHandler
                0x000000000000350a                DMA1_Channel8_IRQHandler
 .text.handle_reset
                0x000000000000350c       0x86 project/source/Startup/startup_ch32v20x_D6.S.o
                0x000000000000350c                handle_reset
 .text.memcmp   0x0000000000003592       0x26 /home/ddr/embeetle/beetle_tools/linux/gnu_riscv_xpack_toolchain_12.2.0_3_64b/bin/../lib/gcc/riscv-none-elf/12.2.0/../../../../riscv-none-elf/lib/libg_nano.a(lib_a-memcmp.o)
                0x0000000000003592                memcmp
 *(.rodata)
 *(.rodata*)
 *fill*         0x00000000000035b8        0x0 
 .rodata.USBD_KeyRepDesc
                0x00000000000035b8       0x3e project/source/user_code/USBLIB/CONFIG/usb_desc.c.o
                0x00000000000035b8                USBD_KeyRepDesc
 *fill*         0x00000000000035f6        0x2 
 .rodata.USBD_StringProduct
                0x00000000000035f8       0x12 project/source/user_code/USBLIB/CONFIG/usb_desc.c.o
                0x00000000000035f8                USBD_StringProduct
 *fill*         0x000000000000360a        0x2 
 .rodata.USBD_StringVendor
                0x000000000000360c        0xe project/source/user_code/USBLIB/CONFIG/usb_desc.c.o
                0x000000000000360c                USBD_StringVendor
 *fill*         0x000000000000361a        0x2 
 .rodata.USBD_ConfigDescriptor
                0x000000000000361c       0x22 project/source/user_code/USBLIB/CONFIG/usb_desc.c.o
                0x000000000000361c                USBD_ConfigDescriptor
 *fill*         0x000000000000363e        0x2 
 .rodata.USBD_DeviceDescriptor
                0x0000000000003640       0x12 project/source/user_code/USBLIB/CONFIG/usb_desc.c.o
                0x0000000000003640                USBD_DeviceDescriptor
 *fill*         0x0000000000003652        0x2 
 .rodata.Resume
                0x0000000000003654       0x18 project/source/user_code/USBLIB/CONFIG/usb_pwr.c.o
 .rodata.handle_fn
                0x000000000000366c       0xa4 project/source/user_code/usbd_compostie_km.c.o
 .rodata.modifiers
                0x0000000000003710       0x10 project/source/user_code/usbd_compostie_km.c.o
 .rodata.keycodes
                0x0000000000003720       0x10 project/source/user_code/usbd_compostie_km.c.o
 *(.gnu.linkonce.t.*)
                0x0000000000003730                . = ALIGN (0x4)

.rela.dyn       0x0000000000003730        0x0
 .rela.init     0x0000000000003730        0x0 project/source/Debug/debug.c.o
 .rela.vector   0x0000000000003730        0x0 project/source/Debug/debug.c.o
 .rela.text.handle_reset
                0x0000000000003730        0x0 project/source/Debug/debug.c.o

.fini           0x0000000000003730        0x0
 *(SORT_NONE(.fini))
                0x0000000000003730                . = ALIGN (0x4)
                [!provide]                        PROVIDE (_etext = .)
                [!provide]                        PROVIDE (_eitcm = .)

.preinit_array  0x0000000000003730        0x0
                [!provide]                        PROVIDE (__preinit_array_start = .)
 *(.preinit_array)
                [!provide]                        PROVIDE (__preinit_array_end = .)

.init_array     0x0000000000003730        0x0
                [!provide]                        PROVIDE (__init_array_start = .)
 *(SORT_BY_INIT_PRIORITY(.init_array.*) SORT_BY_INIT_PRIORITY(.ctors.*))
 *(.init_array EXCLUDE_FILE(*crtend?.o *crtend.o *crtbegin?.o *crtbegin.o) .ctors)
                [!provide]                        PROVIDE (__init_array_end = .)

.fini_array     0x0000000000003730        0x0
                [!provide]                        PROVIDE (__fini_array_start = .)
 *(SORT_BY_INIT_PRIORITY(.fini_array.*) SORT_BY_INIT_PRIORITY(.dtors.*))
 *(.fini_array EXCLUDE_FILE(*crtend?.o *crtend.o *crtbegin?.o *crtbegin.o) .dtors)
                [!provide]                        PROVIDE (__fini_array_end = .)

.ctors
 *crtbegin.o(.ctors)
 *crtbegin?.o(.ctors)
 *(EXCLUDE_FILE(*crtend?.o *crtend.o) .ctors)
 *(SORT_BY_NAME(.ctors.*))
 *(.ctors)

.dtors
 *crtbegin.o(.dtors)
 *crtbegin?.o(.dtors)
 *(EXCLUDE_FILE(*crtend?.o *crtend.o) .dtors)
 *(SORT_BY_NAME(.dtors.*))
 *(.dtors)

.dalign         0x0000000020000000        0x0 load address 0x0000000000003730
                0x0000000020000000                . = ALIGN (0x4)
                0x0000000020000000                PROVIDE (_data_vma = .)

.dlalign        0x0000000000003730        0x0
                0x0000000000003730                . = ALIGN (0x4)
                0x0000000000003730                PROVIDE (_data_lma = .)

.data           0x0000000020000000      0x124 load address 0x0000000000003730
 *(.gnu.linkonce.r.*)
 *(.data .data.*)
 .data.APBAHBPrescTable
                0x0000000020000000       0x10 project/source/Peripheral/src/ch32v20x_rcc.c.o
 .data.USBD_StringSerial
                0x0000000020000010       0x16 project/source/user_code/USBLIB/CONFIG/usb_desc.c.o
                0x0000000020000010                USBD_StringSerial
 *fill*         0x0000000020000026        0x2 
 .data.pEpInt_OUT
                0x0000000020000028       0x1c project/source/user_code/USBLIB/CONFIG/usb_istr.c.o
                0x0000000020000028                pEpInt_OUT
 .data.pEpInt_IN
                0x0000000020000044       0x1c project/source/user_code/USBLIB/CONFIG/usb_istr.c.o
                0x0000000020000044                pEpInt_IN
 .data.Hid_Descriptor
                0x0000000020000060       0x10 project/source/user_code/USBLIB/CONFIG/usb_prop.c.o
                0x0000000020000060                Hid_Descriptor
 .data.Report_Descriptor
                0x0000000020000070       0x10 project/source/user_code/USBLIB/CONFIG/usb_prop.c.o
                0x0000000020000070                Report_Descriptor
 .data.String_Descriptor
                0x0000000020000080       0x20 project/source/user_code/USBLIB/CONFIG/usb_prop.c.o
                0x0000000020000080                String_Descriptor
 .data.User_Standard_Requests
                0x00000000200000a0       0x24 project/source/user_code/USBLIB/CONFIG/usb_prop.c.o
                0x00000000200000a0                User_Standard_Requests
 .data.Device_Property
                0x00000000200000c4       0x30 project/source/user_code/USBLIB/CONFIG/usb_prop.c.o
                0x00000000200000c4                Device_Property
 *(.gnu.linkonce.d.*)
                0x00000000200000f8                . = ALIGN (0x8)
 *fill*         0x00000000200000f4        0x4 
                0x00000000200008f8                PROVIDE (__global_pointer$ = (. + 0x800))
 *(.sdata .sdata.*)
 .sdata.ADCPrescTable
                0x00000000200000f8        0x4 project/source/Peripheral/src/ch32v20x_rcc.c.o
 .sdata.Config_Descriptor
                0x00000000200000fc        0x8 project/source/user_code/USBLIB/CONFIG/usb_prop.c.o
                0x00000000200000fc                Config_Descriptor
 .sdata.Device_Descriptor
                0x0000000020000104        0x8 project/source/user_code/USBLIB/CONFIG/usb_prop.c.o
                0x0000000020000104                Device_Descriptor
 .sdata.Device_Table
                0x000000002000010c        0x2 project/source/user_code/USBLIB/CONFIG/usb_prop.c.o
                0x000000002000010c                Device_Table
 *fill*         0x000000002000010e        0x2 
 .sdata.fSuspendEnabled
                0x0000000020000110        0x4 project/source/user_code/USBLIB/CONFIG/usb_pwr.c.o
                0x0000000020000110                fSuspendEnabled
 .sdata.SystemCoreClock
                0x0000000020000114        0x4 project/source/user_code/system_ch32v20x.c.o
                0x0000000020000114                SystemCoreClock
 .sdata.KB_Scan_Last_Result
                0x0000000020000118        0x4 project/source/user_code/usbd_compostie_km.c.o
                0x0000000020000118                KB_Scan_Last_Result
 .sdata.KB_Scan_Result
                0x000000002000011c        0x4 project/source/user_code/usbd_compostie_km.c.o
                0x000000002000011c                KB_Scan_Result
 *(.sdata2.*)
 *(.gnu.linkonce.s.*)
                0x0000000020000120                . = ALIGN (0x8)
 *(.srodata.cst16)
 *(.srodata.cst8)
 *(.srodata.cst4)
 *(.srodata.cst2)
 *(.srodata .srodata.*)
 .srodata.USBD_StringLangID
                0x0000000020000120        0x4 project/source/user_code/USBLIB/CONFIG/usb_desc.c.o
                0x0000000020000120                USBD_StringLangID
                0x0000000020000124                . = ALIGN (0x4)
                0x0000000020000124                PROVIDE (_edata = .)

.bss            0x0000000020000124       0xc0 load address 0x0000000000003854
                0x0000000020000124                . = ALIGN (0x4)
                0x0000000020000124                PROVIDE (_sbss = .)
 *(.sbss*)
 .sbss.p_ms     0x0000000020000124        0x2 project/source/Debug/debug.c.o
 .sbss.p_us     0x0000000020000126        0x1 project/source/Debug/debug.c.o
 .sbss.MCU_Version
                0x0000000020000127        0x1 project/source/Peripheral/src/ch32v20x_gpio.c.o
                0x0000000020000127                MCU_Version
 .sbss.NVIC_Priority_Group
                0x0000000020000128        0x4 project/source/Peripheral/src/ch32v20x_misc.c.o
                0x0000000020000128                NVIC_Priority_Group
 .sbss.USBD_Endp2_Busy
                0x000000002000012c        0x1 project/source/user_code/USBLIB/CONFIG/usb_endp.c.o
                0x000000002000012c                USBD_Endp2_Busy
 .sbss.USBD_Endp1_Busy
                0x000000002000012d        0x1 project/source/user_code/USBLIB/CONFIG/usb_endp.c.o
                0x000000002000012d                USBD_Endp1_Busy
 *fill*         0x000000002000012e        0x2 
 .sbss.wCNTR    0x0000000020000130        0x4 project/source/user_code/USBLIB/CONFIG/usb_istr.c.o
                0x0000000020000130                wCNTR
 .sbss.esof_counter
                0x0000000020000134        0x4 project/source/user_code/USBLIB/CONFIG/usb_istr.c.o
                0x0000000020000134                esof_counter
 .sbss.bIntPackSOF
                0x0000000020000138        0x1 project/source/user_code/USBLIB/CONFIG/usb_istr.c.o
                0x0000000020000138                bIntPackSOF
 *fill*         0x0000000020000139        0x1 
 .sbss.wIstr    0x000000002000013a        0x2 project/source/user_code/USBLIB/CONFIG/usb_istr.c.o
                0x000000002000013a                wIstr
 .sbss.Ep0RxBlks
                0x000000002000013c        0x2 project/source/user_code/USBLIB/CONFIG/usb_istr.c.o
                0x000000002000013c                Ep0RxBlks
 *fill*         0x000000002000013e        0x2 
 .sbss.HID_Protocol_Value
                0x0000000020000140        0x2 project/source/user_code/USBLIB/CONFIG/usb_prop.c.o
                0x0000000020000140                HID_Protocol_Value
 *fill*         0x0000000020000142        0x2 
 .sbss.HID_Idle_Value
                0x0000000020000144        0x2 project/source/user_code/USBLIB/CONFIG/usb_prop.c.o
                0x0000000020000144                HID_Idle_Value
 .sbss.USBD_Sleep_Status
                0x0000000020000146        0x1 project/source/user_code/USBLIB/CONFIG/usb_prop.c.o
                0x0000000020000146                USBD_Sleep_Status
 *fill*         0x0000000020000147        0x1 
 .sbss.remotewakeupon
                0x0000000020000148        0x4 project/source/user_code/USBLIB/CONFIG/usb_pwr.c.o
                0x0000000020000148                remotewakeupon
 .sbss.ResumeS  0x000000002000014c        0x8 project/source/user_code/USBLIB/CONFIG/usb_pwr.c.o
                0x000000002000014c                ResumeS
 .sbss.bDeviceState
                0x0000000020000154        0x4 project/source/user_code/USBLIB/CONFIG/usb_pwr.c.o
                0x0000000020000154                bDeviceState
 .sbss.Data_Mul_MaxPacketSize
                0x0000000020000158        0x4 project/source/user_code/USBLIB/USB-Driver/src/usb_core.c.o
                0x0000000020000158                Data_Mul_MaxPacketSize
 .sbss.StatusInfo
                0x000000002000015c        0x2 project/source/user_code/USBLIB/USB-Driver/src/usb_core.c.o
                0x000000002000015c                StatusInfo
 *fill*         0x000000002000015e        0x2 
 .sbss.pUser_Standard_Requests
                0x0000000020000160        0x4 project/source/user_code/USBLIB/USB-Driver/src/usb_init.c.o
                0x0000000020000160                pUser_Standard_Requests
 .sbss.wInterrupt_Mask
                0x0000000020000164        0x2 project/source/user_code/USBLIB/USB-Driver/src/usb_init.c.o
                0x0000000020000164                wInterrupt_Mask
 *fill*         0x0000000020000166        0x2 
 .sbss.pProperty
                0x0000000020000168        0x4 project/source/user_code/USBLIB/USB-Driver/src/usb_init.c.o
                0x0000000020000168                pProperty
 .sbss.pInformation
                0x000000002000016c        0x4 project/source/user_code/USBLIB/USB-Driver/src/usb_init.c.o
                0x000000002000016c                pInformation
 .sbss.EPindex  0x0000000020000170        0x1 project/source/user_code/USBLIB/USB-Driver/src/usb_init.c.o
                0x0000000020000170                EPindex
 *fill*         0x0000000020000171        0x1 
 .sbss.SaveTState
                0x0000000020000172        0x2 project/source/user_code/USBLIB/USB-Driver/src/usb_int.c.o
                0x0000000020000172                SaveTState
 .sbss.SaveRState
                0x0000000020000174        0x2 project/source/user_code/USBLIB/USB-Driver/src/usb_int.c.o
                0x0000000020000174                SaveRState
 .sbss.on.0     0x0000000020000176        0x1 project/source/user_code/usbd_compostie_km.c.o
 .sbss.key_cnt.1
                0x0000000020000177        0x1 project/source/user_code/usbd_compostie_km.c.o
 .sbss.flag.2   0x0000000020000178        0x1 project/source/user_code/usbd_compostie_km.c.o
 *fill*         0x0000000020000179        0x3 
 .sbss.reported.3
                0x000000002000017c        0x8 project/source/user_code/usbd_compostie_km.c.o
 .sbss.scan_result.4
                0x0000000020000184        0x4 project/source/user_code/usbd_compostie_km.c.o
 .sbss.scan_col.5
                0x0000000020000188        0x1 project/source/user_code/usbd_compostie_km.c.o
 .sbss.scan.6   0x0000000020000189        0x1 project/source/user_code/usbd_compostie_km.c.o
 .sbss.scan_cnt.7
                0x000000002000018a        0x2 project/source/user_code/usbd_compostie_km.c.o
 .sbss.KB_LED_Cur_Status
                0x000000002000018c        0x1 project/source/user_code/usbd_compostie_km.c.o
                0x000000002000018c                KB_LED_Cur_Status
 *fill*         0x000000002000018d        0x3 
 .sbss.KB_Data_Pack
                0x0000000020000190        0x8 project/source/user_code/usbd_compostie_km.c.o
                0x0000000020000190                KB_Data_Pack
 .sbss.KB_Scan_Done
                0x0000000020000198        0x1 project/source/user_code/usbd_compostie_km.c.o
                0x0000000020000198                KB_Scan_Done
 *(.gnu.linkonce.sb.*)
 *(.bss*)
 *fill*         0x0000000020000199        0x3 
 .bss.EP        0x000000002000019c       0x20 project/source/user_code/USBLIB/CONFIG/usb_pwr.c.o
                0x000000002000019c                EP
 .bss.Device_Info
                0x00000000200001bc       0x1c project/source/user_code/USBLIB/USB-Driver/src/usb_init.c.o
                0x00000000200001bc                Device_Info
 .bss.leds      0x00000000200001d8        0xa project/source/user_code/usbd_compostie_km.c.o
 *(.gnu.linkonce.b.*)
 *(COMMON*)
                0x00000000200001e4                . = ALIGN (0x4)
 *fill*         0x00000000200001e2        0x2 
                0x00000000200001e4                PROVIDE (_ebss = .)
                0x00000000200001e4                PROVIDE (_end = _ebss)
                [!provide]                        PROVIDE (end = .)

.stack          0x0000000020002000      0x800
                0x0000000020002000                PROVIDE (_heap_end = .)
                0x0000000020002000                . = ALIGN (0x4)
                [!provide]                        PROVIDE (_susrstack = .)
                0x0000000020002800                . = (. + __stack_size)
 *fill*         0x0000000020002000      0x800 
                0x0000000020002800                PROVIDE (_eusrstack = .)
OUTPUT(application.elf elf32-littleriscv)

.debug_info     0x0000000000000000     0xc96f
 .debug_info    0x0000000000000000      0x67a project/source/Debug/debug.c.o
 .debug_info    0x000000000000067a      0x332 project/source/Peripheral/src/ch32v20x_exti.c.o
 .debug_info    0x00000000000009ac      0xd16 project/source/Peripheral/src/ch32v20x_gpio.c.o
 .debug_info    0x00000000000016c2      0xb4e project/source/Peripheral/src/ch32v20x_i2c.c.o
 .debug_info    0x0000000000002210      0x6b6 project/source/Peripheral/src/ch32v20x_misc.c.o
 .debug_info    0x00000000000028c6      0x8f9 project/source/Peripheral/src/ch32v20x_rcc.c.o
 .debug_info    0x00000000000031bf     0x1f7a project/source/Peripheral/src/ch32v20x_tim.c.o
 .debug_info    0x0000000000005139      0xaa4 project/source/Peripheral/src/ch32v20x_usart.c.o
 .debug_info    0x0000000000005bdd      0x1fd project/source/user_code/Main.c.o
 .debug_info    0x0000000000005dda      0x7a8 project/source/user_code/USBLIB/CONFIG/hw_config.c.o
 .debug_info    0x0000000000006582      0x1ae project/source/user_code/USBLIB/CONFIG/usb_desc.c.o
 .debug_info    0x0000000000006730      0x225 project/source/user_code/USBLIB/CONFIG/usb_endp.c.o
 .debug_info    0x0000000000006955      0x3ef project/source/user_code/USBLIB/CONFIG/usb_istr.c.o
 .debug_info    0x0000000000006d44      0xd90 project/source/user_code/USBLIB/CONFIG/usb_prop.c.o
 .debug_info    0x0000000000007ad4      0x34b project/source/user_code/USBLIB/CONFIG/usb_pwr.c.o
 .debug_info    0x0000000000007e1f      0xe14 project/source/user_code/USBLIB/USB-Driver/src/usb_core.c.o
 .debug_info    0x0000000000008c33      0x471 project/source/user_code/USBLIB/USB-Driver/src/usb_init.c.o
 .debug_info    0x00000000000090a4      0x26e project/source/user_code/USBLIB/USB-Driver/src/usb_int.c.o
 .debug_info    0x0000000000009312      0x1bb project/source/user_code/USBLIB/USB-Driver/src/usb_mem.c.o
 .debug_info    0x00000000000094cd      0xe45 project/source/user_code/USBLIB/USB-Driver/src/usb_regs.c.o
 .debug_info    0x000000000000a312      0x282 project/source/user_code/USBLIB/USB-Driver/src/usb_sil.c.o
 .debug_info    0x000000000000a594       0x98 project/source/user_code/ch32v20x_it.c.o
 .debug_info    0x000000000000a62c      0x27d project/source/user_code/system_ch32v20x.c.o
 .debug_info    0x000000000000a8a9     0x20a3 project/source/user_code/usbd_compostie_km.c.o
 .debug_info    0x000000000000c94c       0x23 project/source/Startup/startup_ch32v20x_D6.S.o

.debug_abbrev   0x0000000000000000     0x2c0a
 .debug_abbrev  0x0000000000000000      0x218 project/source/Debug/debug.c.o
 .debug_abbrev  0x0000000000000218      0x15f project/source/Peripheral/src/ch32v20x_exti.c.o
 .debug_abbrev  0x0000000000000377      0x264 project/source/Peripheral/src/ch32v20x_gpio.c.o
 .debug_abbrev  0x00000000000005db      0x238 project/source/Peripheral/src/ch32v20x_i2c.c.o
 .debug_abbrev  0x0000000000000813      0x1cc project/source/Peripheral/src/ch32v20x_misc.c.o
 .debug_abbrev  0x00000000000009df      0x253 project/source/Peripheral/src/ch32v20x_rcc.c.o
 .debug_abbrev  0x0000000000000c32      0x26d project/source/Peripheral/src/ch32v20x_tim.c.o
 .debug_abbrev  0x0000000000000e9f      0x226 project/source/Peripheral/src/ch32v20x_usart.c.o
 .debug_abbrev  0x00000000000010c5       0xb5 project/source/user_code/Main.c.o
 .debug_abbrev  0x000000000000117a      0x21c project/source/user_code/USBLIB/CONFIG/hw_config.c.o
 .debug_abbrev  0x0000000000001396       0x74 project/source/user_code/USBLIB/CONFIG/usb_desc.c.o
 .debug_abbrev  0x000000000000140a      0x131 project/source/user_code/USBLIB/CONFIG/usb_endp.c.o
 .debug_abbrev  0x000000000000153b      0x1a9 project/source/user_code/USBLIB/CONFIG/usb_istr.c.o
 .debug_abbrev  0x00000000000016e4      0x30c project/source/user_code/USBLIB/CONFIG/usb_prop.c.o
 .debug_abbrev  0x00000000000019f0      0x1b5 project/source/user_code/USBLIB/CONFIG/usb_pwr.c.o
 .debug_abbrev  0x0000000000001ba5      0x3f4 project/source/user_code/USBLIB/USB-Driver/src/usb_core.c.o
 .debug_abbrev  0x0000000000001f99      0x125 project/source/user_code/USBLIB/USB-Driver/src/usb_init.c.o
 .debug_abbrev  0x00000000000020be      0x11d project/source/user_code/USBLIB/USB-Driver/src/usb_int.c.o
 .debug_abbrev  0x00000000000021db       0xac project/source/user_code/USBLIB/USB-Driver/src/usb_mem.c.o
 .debug_abbrev  0x0000000000002287      0x22d project/source/user_code/USBLIB/USB-Driver/src/usb_regs.c.o
 .debug_abbrev  0x00000000000024b4      0x11d project/source/user_code/USBLIB/USB-Driver/src/usb_sil.c.o
 .debug_abbrev  0x00000000000025d1       0x47 project/source/user_code/ch32v20x_it.c.o
 .debug_abbrev  0x0000000000002618      0x18e project/source/user_code/system_ch32v20x.c.o
 .debug_abbrev  0x00000000000027a6      0x452 project/source/user_code/usbd_compostie_km.c.o
 .debug_abbrev  0x0000000000002bf8       0x12 project/source/Startup/startup_ch32v20x_D6.S.o

.debug_loclists
                0x0000000000000000     0x523a
 .debug_loclists
                0x0000000000000000      0x110 project/source/Debug/debug.c.o
 .debug_loclists
                0x0000000000000110      0x102 project/source/Peripheral/src/ch32v20x_exti.c.o
 .debug_loclists
                0x0000000000000212      0x937 project/source/Peripheral/src/ch32v20x_gpio.c.o
 .debug_loclists
                0x0000000000000b49      0x56a project/source/Peripheral/src/ch32v20x_i2c.c.o
 .debug_loclists
                0x00000000000010b3      0x251 project/source/Peripheral/src/ch32v20x_misc.c.o
 .debug_loclists
                0x0000000000001304      0x4cb project/source/Peripheral/src/ch32v20x_rcc.c.o
 .debug_loclists
                0x00000000000017cf     0x11ad project/source/Peripheral/src/ch32v20x_tim.c.o
 .debug_loclists
                0x000000000000297c      0x5fb project/source/Peripheral/src/ch32v20x_usart.c.o
 .debug_loclists
                0x0000000000002f77       0x3a project/source/user_code/USBLIB/CONFIG/hw_config.c.o
 .debug_loclists
                0x0000000000002fb1       0xf0 project/source/user_code/USBLIB/CONFIG/usb_endp.c.o
 .debug_loclists
                0x00000000000030a1       0x47 project/source/user_code/USBLIB/CONFIG/usb_istr.c.o
 .debug_loclists
                0x00000000000030e8      0x480 project/source/user_code/USBLIB/CONFIG/usb_prop.c.o
 .debug_loclists
                0x0000000000003568      0x139 project/source/user_code/USBLIB/CONFIG/usb_pwr.c.o
 .debug_loclists
                0x00000000000036a1      0x7f8 project/source/user_code/USBLIB/USB-Driver/src/usb_core.c.o
 .debug_loclists
                0x0000000000003e99       0xbc project/source/user_code/USBLIB/USB-Driver/src/usb_int.c.o
 .debug_loclists
                0x0000000000003f55      0x134 project/source/user_code/USBLIB/USB-Driver/src/usb_mem.c.o
 .debug_loclists
                0x0000000000004089      0xacf project/source/user_code/USBLIB/USB-Driver/src/usb_regs.c.o
 .debug_loclists
                0x0000000000004b58       0xab project/source/user_code/USBLIB/USB-Driver/src/usb_sil.c.o
 .debug_loclists
                0x0000000000004c03       0xf0 project/source/user_code/system_ch32v20x.c.o
 .debug_loclists
                0x0000000000004cf3      0x547 project/source/user_code/usbd_compostie_km.c.o

.debug_aranges  0x0000000000000000      0xe08
 .debug_aranges
                0x0000000000000000       0x48 project/source/Debug/debug.c.o
 .debug_aranges
                0x0000000000000048       0x58 project/source/Peripheral/src/ch32v20x_exti.c.o
 .debug_aranges
                0x00000000000000a0       0xb0 project/source/Peripheral/src/ch32v20x_gpio.c.o
 .debug_aranges
                0x0000000000000150      0x120 project/source/Peripheral/src/ch32v20x_i2c.c.o
 .debug_aranges
                0x0000000000000270       0x28 project/source/Peripheral/src/ch32v20x_misc.c.o
 .debug_aranges
                0x0000000000000298      0x128 project/source/Peripheral/src/ch32v20x_rcc.c.o
 .debug_aranges
                0x00000000000003c0      0x2f0 project/source/Peripheral/src/ch32v20x_tim.c.o
 .debug_aranges
                0x00000000000006b0      0x100 project/source/Peripheral/src/ch32v20x_usart.c.o
 .debug_aranges
                0x00000000000007b0       0x20 project/source/user_code/Main.c.o
 .debug_aranges
                0x00000000000007d0       0x50 project/source/user_code/USBLIB/CONFIG/hw_config.c.o
 .debug_aranges
                0x0000000000000820       0x18 project/source/user_code/USBLIB/CONFIG/usb_desc.c.o
 .debug_aranges
                0x0000000000000838       0x30 project/source/user_code/USBLIB/CONFIG/usb_endp.c.o
 .debug_aranges
                0x0000000000000868       0x20 project/source/user_code/USBLIB/CONFIG/usb_istr.c.o
 .debug_aranges
                0x0000000000000888       0xb0 project/source/user_code/USBLIB/CONFIG/usb_prop.c.o
 .debug_aranges
                0x0000000000000938       0x40 project/source/user_code/USBLIB/CONFIG/usb_pwr.c.o
 .debug_aranges
                0x0000000000000978       0xb0 project/source/user_code/USBLIB/USB-Driver/src/usb_core.c.o
 .debug_aranges
                0x0000000000000a28       0x20 project/source/user_code/USBLIB/USB-Driver/src/usb_init.c.o
 .debug_aranges
                0x0000000000000a48       0x28 project/source/user_code/USBLIB/USB-Driver/src/usb_int.c.o
 .debug_aranges
                0x0000000000000a70       0x28 project/source/user_code/USBLIB/USB-Driver/src/usb_mem.c.o
 .debug_aranges
                0x0000000000000a98      0x1f0 project/source/user_code/USBLIB/USB-Driver/src/usb_regs.c.o
 .debug_aranges
                0x0000000000000c88       0x30 project/source/user_code/USBLIB/USB-Driver/src/usb_sil.c.o
 .debug_aranges
                0x0000000000000cb8       0x28 project/source/user_code/ch32v20x_it.c.o
 .debug_aranges
                0x0000000000000ce0       0x38 project/source/user_code/system_ch32v20x.c.o
 .debug_aranges
                0x0000000000000d18       0xc0 project/source/user_code/usbd_compostie_km.c.o
 .debug_aranges
                0x0000000000000dd8       0x30 project/source/Startup/startup_ch32v20x_D6.S.o

.debug_rnglists
                0x0000000000000000      0xf68
 .debug_rnglists
                0x0000000000000000       0x43 project/source/Debug/debug.c.o
 .debug_rnglists
                0x0000000000000043       0x55 project/source/Peripheral/src/ch32v20x_exti.c.o
 .debug_rnglists
                0x0000000000000098       0xb8 project/source/Peripheral/src/ch32v20x_gpio.c.o
 .debug_rnglists
                0x0000000000000150      0x136 project/source/Peripheral/src/ch32v20x_i2c.c.o
 .debug_rnglists
                0x0000000000000286       0x1f project/source/Peripheral/src/ch32v20x_misc.c.o
 .debug_rnglists
                0x00000000000002a5      0x13f project/source/Peripheral/src/ch32v20x_rcc.c.o
 .debug_rnglists
                0x00000000000003e4      0x340 project/source/Peripheral/src/ch32v20x_tim.c.o
 .debug_rnglists
                0x0000000000000724      0x112 project/source/Peripheral/src/ch32v20x_usart.c.o
 .debug_rnglists
                0x0000000000000836       0x16 project/source/user_code/Main.c.o
 .debug_rnglists
                0x000000000000084c       0x4c project/source/user_code/USBLIB/CONFIG/hw_config.c.o
 .debug_rnglists
                0x0000000000000898       0x28 project/source/user_code/USBLIB/CONFIG/usb_endp.c.o
 .debug_rnglists
                0x00000000000008c0       0x16 project/source/user_code/USBLIB/CONFIG/usb_istr.c.o
 .debug_rnglists
                0x00000000000008d6       0xdd project/source/user_code/USBLIB/CONFIG/usb_prop.c.o
 .debug_rnglists
                0x00000000000009b3       0x3a project/source/user_code/USBLIB/CONFIG/usb_pwr.c.o
 .debug_rnglists
                0x00000000000009ed      0x120 project/source/user_code/USBLIB/USB-Driver/src/usb_core.c.o
 .debug_rnglists
                0x0000000000000b0d       0x16 project/source/user_code/USBLIB/USB-Driver/src/usb_init.c.o
 .debug_rnglists
                0x0000000000000b23       0x1f project/source/user_code/USBLIB/USB-Driver/src/usb_int.c.o
 .debug_rnglists
                0x0000000000000b42       0x1f project/source/user_code/USBLIB/USB-Driver/src/usb_mem.c.o
 .debug_rnglists
                0x0000000000000b61      0x292 project/source/user_code/USBLIB/USB-Driver/src/usb_regs.c.o
 .debug_rnglists
                0x0000000000000df3       0x28 project/source/user_code/USBLIB/USB-Driver/src/usb_sil.c.o
 .debug_rnglists
                0x0000000000000e1b       0x1f project/source/user_code/ch32v20x_it.c.o
 .debug_rnglists
                0x0000000000000e3a       0x31 project/source/user_code/system_ch32v20x.c.o
 .debug_rnglists
                0x0000000000000e6b       0xdd project/source/user_code/usbd_compostie_km.c.o
 .debug_rnglists
                0x0000000000000f48       0x20 project/source/Startup/startup_ch32v20x_D6.S.o

.debug_macro    0x0000000000000000     0xf151
 .debug_macro   0x0000000000000000      0x2b4 project/source/Debug/debug.c.o
 .debug_macro   0x00000000000002b4      0x760 project/source/Debug/debug.c.o
 .debug_macro   0x0000000000000a14       0x22 project/source/Debug/debug.c.o
 .debug_macro   0x0000000000000a36       0x5e project/source/Debug/debug.c.o
 .debug_macro   0x0000000000000a94       0x19 project/source/Debug/debug.c.o
 .debug_macro   0x0000000000000aad       0x94 project/source/Debug/debug.c.o
 .debug_macro   0x0000000000000b41       0x3b project/source/Debug/debug.c.o
 .debug_macro   0x0000000000000b7c       0x34 project/source/Debug/debug.c.o
 .debug_macro   0x0000000000000bb0       0x16 project/source/Debug/debug.c.o
 .debug_macro   0x0000000000000bc6       0x57 project/source/Debug/debug.c.o
 .debug_macro   0x0000000000000c1d       0x9e project/source/Debug/debug.c.o
 .debug_macro   0x0000000000000cbb      0x35d project/source/Debug/debug.c.o
 .debug_macro   0x0000000000001018      0x104 project/source/Debug/debug.c.o
 .debug_macro   0x000000000000111c       0x10 project/source/Debug/debug.c.o
 .debug_macro   0x000000000000112c       0x16 project/source/Debug/debug.c.o
 .debug_macro   0x0000000000001142       0x43 project/source/Debug/debug.c.o
 .debug_macro   0x0000000000001185       0x34 project/source/Debug/debug.c.o
 .debug_macro   0x00000000000011b9       0x10 project/source/Debug/debug.c.o
 .debug_macro   0x00000000000011c9       0x58 project/source/Debug/debug.c.o
 .debug_macro   0x0000000000001221      0x182 project/source/Debug/debug.c.o
 .debug_macro   0x00000000000013a3       0x10 project/source/Debug/debug.c.o
 .debug_macro   0x00000000000013b3       0x6a project/source/Debug/debug.c.o
 .debug_macro   0x000000000000141d       0x1c project/source/Debug/debug.c.o
 .debug_macro   0x0000000000001439       0x52 project/source/Debug/debug.c.o
 .debug_macro   0x000000000000148b       0x22 project/source/Debug/debug.c.o
 .debug_macro   0x00000000000014ad       0x10 project/source/Debug/debug.c.o
 .debug_macro   0x00000000000014bd       0x52 project/source/Debug/debug.c.o
 .debug_macro   0x000000000000150f       0xd5 project/source/Debug/debug.c.o
 .debug_macro   0x00000000000015e4       0x1c project/source/Debug/debug.c.o
 .debug_macro   0x0000000000001600       0x3d project/source/Debug/debug.c.o
 .debug_macro   0x000000000000163d       0x16 project/source/Debug/debug.c.o
 .debug_macro   0x0000000000001653      0x16f project/source/Debug/debug.c.o
 .debug_macro   0x00000000000017c2       0x4e project/source/Debug/debug.c.o
 .debug_macro   0x0000000000001810      0x103 project/source/Debug/debug.c.o
 .debug_macro   0x0000000000001913      0x1df project/source/Debug/debug.c.o
 .debug_macro   0x0000000000001af2       0x46 project/source/Debug/debug.c.o
 .debug_macro   0x0000000000001b38     0x5603 project/source/Debug/debug.c.o
 .debug_macro   0x000000000000713b      0x24f project/source/Debug/debug.c.o
 .debug_macro   0x000000000000738a      0x12a project/source/Debug/debug.c.o
 .debug_macro   0x00000000000074b4      0x32f project/source/Debug/debug.c.o
 .debug_macro   0x00000000000077e3       0x7c project/source/Debug/debug.c.o
 .debug_macro   0x000000000000785f      0x239 project/source/Debug/debug.c.o
 .debug_macro   0x0000000000007a98       0x88 project/source/Debug/debug.c.o
 .debug_macro   0x0000000000007b20      0x142 project/source/Debug/debug.c.o
 .debug_macro   0x0000000000007c62      0x239 project/source/Debug/debug.c.o
 .debug_macro   0x0000000000007e9b      0x206 project/source/Debug/debug.c.o
 .debug_macro   0x00000000000080a1       0x4c project/source/Debug/debug.c.o
 .debug_macro   0x00000000000080ed       0x64 project/source/Debug/debug.c.o
 .debug_macro   0x0000000000008151      0x35c project/source/Debug/debug.c.o
 .debug_macro   0x00000000000084ad       0x3a project/source/Debug/debug.c.o
 .debug_macro   0x00000000000084e7      0x1f1 project/source/Debug/debug.c.o
 .debug_macro   0x00000000000086d8      0x564 project/source/Debug/debug.c.o
 .debug_macro   0x0000000000008c3c      0x15e project/source/Debug/debug.c.o
 .debug_macro   0x0000000000008d9a       0x22 project/source/Debug/debug.c.o
 .debug_macro   0x0000000000008dbc       0x28 project/source/Debug/debug.c.o
 .debug_macro   0x0000000000008de4       0x22 project/source/Debug/debug.c.o
 .debug_macro   0x0000000000008e06      0x2ca project/source/Peripheral/src/ch32v20x_exti.c.o
 .debug_macro   0x00000000000090d0       0x8e project/source/Peripheral/src/ch32v20x_exti.c.o
 .debug_macro   0x000000000000915e       0x51 project/source/Peripheral/src/ch32v20x_exti.c.o
 .debug_macro   0x00000000000091af       0x64 project/source/Peripheral/src/ch32v20x_exti.c.o
 .debug_macro   0x0000000000009213       0x82 project/source/Peripheral/src/ch32v20x_exti.c.o
 .debug_macro   0x0000000000009295      0x2e8 project/source/Peripheral/src/ch32v20x_gpio.c.o
 .debug_macro   0x000000000000957d      0x233 project/source/Peripheral/src/ch32v20x_gpio.c.o
 .debug_macro   0x00000000000097b0      0x396 project/source/Peripheral/src/ch32v20x_i2c.c.o
 .debug_macro   0x0000000000009b46      0x200 project/source/Peripheral/src/ch32v20x_i2c.c.o
 .debug_macro   0x0000000000009d46      0x2c4 project/source/Peripheral/src/ch32v20x_misc.c.o
 .debug_macro   0x000000000000a00a       0x22 project/source/Peripheral/src/ch32v20x_misc.c.o
 .debug_macro   0x000000000000a02c      0x384 project/source/Peripheral/src/ch32v20x_rcc.c.o
 .debug_macro   0x000000000000a3b0      0x356 project/source/Peripheral/src/ch32v20x_rcc.c.o
 .debug_macro   0x000000000000a706      0x2dc project/source/Peripheral/src/ch32v20x_tim.c.o
 .debug_macro   0x000000000000a9e2      0x55e project/source/Peripheral/src/ch32v20x_tim.c.o
 .debug_macro   0x000000000000af40      0x378 project/source/Peripheral/src/ch32v20x_usart.c.o
 .debug_macro   0x000000000000b2b8      0x158 project/source/Peripheral/src/ch32v20x_usart.c.o
 .debug_macro   0x000000000000b410      0x390 project/source/user_code/Main.c.o
 .debug_macro   0x000000000000b7a0       0x7c project/source/user_code/Main.c.o
 .debug_macro   0x000000000000b81c      0x452 project/source/user_code/Main.c.o
 .debug_macro   0x000000000000bc6e       0x28 project/source/user_code/Main.c.o
 .debug_macro   0x000000000000bc96       0x5e project/source/user_code/Main.c.o
 .debug_macro   0x000000000000bcf4       0x64 project/source/user_code/Main.c.o
 .debug_macro   0x000000000000bd58       0x9a project/source/user_code/Main.c.o
 .debug_macro   0x000000000000bdf2       0x16 project/source/user_code/Main.c.o
 .debug_macro   0x000000000000be08       0x35 project/source/user_code/Main.c.o
 .debug_macro   0x000000000000be3d      0x21a project/source/user_code/Main.c.o
 .debug_macro   0x000000000000c057      0x3ab project/source/user_code/USBLIB/CONFIG/hw_config.c.o
 .debug_macro   0x000000000000c402       0x4c project/source/user_code/USBLIB/CONFIG/hw_config.c.o
 .debug_macro   0x000000000000c44e      0x331 project/source/user_code/USBLIB/CONFIG/usb_desc.c.o
 .debug_macro   0x000000000000c77f      0x351 project/source/user_code/USBLIB/CONFIG/usb_endp.c.o
 .debug_macro   0x000000000000cad0      0x349 project/source/user_code/USBLIB/CONFIG/usb_istr.c.o
 .debug_macro   0x000000000000ce19      0x398 project/source/user_code/USBLIB/CONFIG/usb_prop.c.o
 .debug_macro   0x000000000000d1b1      0x33a project/source/user_code/USBLIB/CONFIG/usb_pwr.c.o
 .debug_macro   0x000000000000d4eb      0x364 project/source/user_code/USBLIB/USB-Driver/src/usb_core.c.o
 .debug_macro   0x000000000000d84f      0x328 project/source/user_code/USBLIB/USB-Driver/src/usb_init.c.o
 .debug_macro   0x000000000000db77      0x328 project/source/user_code/USBLIB/USB-Driver/src/usb_int.c.o
 .debug_macro   0x000000000000de9f      0x328 project/source/user_code/USBLIB/USB-Driver/src/usb_mem.c.o
 .debug_macro   0x000000000000e1c7      0x328 project/source/user_code/USBLIB/USB-Driver/src/usb_regs.c.o
 .debug_macro   0x000000000000e4ef      0x328 project/source/user_code/USBLIB/USB-Driver/src/usb_sil.c.o
 .debug_macro   0x000000000000e817      0x2b4 project/source/user_code/ch32v20x_it.c.o
 .debug_macro   0x000000000000eacb      0x2c0 project/source/user_code/system_ch32v20x.c.o
 .debug_macro   0x000000000000ed8b      0x3c6 project/source/user_code/usbd_compostie_km.c.o

.debug_line     0x0000000000000000    0x10e10
 .debug_line    0x0000000000000000      0x5a1 project/source/Debug/debug.c.o
 .debug_line    0x00000000000005a1      0x594 project/source/Peripheral/src/ch32v20x_exti.c.o
 .debug_line    0x0000000000000b35     0x172d project/source/Peripheral/src/ch32v20x_gpio.c.o
 .debug_line    0x0000000000002262     0x10ef project/source/Peripheral/src/ch32v20x_i2c.c.o
 .debug_line    0x0000000000003351      0x5c2 project/source/Peripheral/src/ch32v20x_misc.c.o
 .debug_line    0x0000000000003913     0x11a1 project/source/Peripheral/src/ch32v20x_rcc.c.o
 .debug_line    0x0000000000004ab4     0x2f4d project/source/Peripheral/src/ch32v20x_tim.c.o
 .debug_line    0x0000000000007a01      0xf80 project/source/Peripheral/src/ch32v20x_usart.c.o
 .debug_line    0x0000000000008981      0x25f project/source/user_code/Main.c.o
 .debug_line    0x0000000000008be0      0x5b2 project/source/user_code/USBLIB/CONFIG/hw_config.c.o
 .debug_line    0x0000000000009192      0x1b2 project/source/user_code/USBLIB/CONFIG/usb_desc.c.o
 .debug_line    0x0000000000009344      0x2db project/source/user_code/USBLIB/CONFIG/usb_endp.c.o
 .debug_line    0x000000000000961f      0x54c project/source/user_code/USBLIB/CONFIG/usb_istr.c.o
 .debug_line    0x0000000000009b6b      0xb17 project/source/user_code/USBLIB/CONFIG/usb_prop.c.o
 .debug_line    0x000000000000a682      0x6a6 project/source/user_code/USBLIB/CONFIG/usb_pwr.c.o
 .debug_line    0x000000000000ad28     0x1c71 project/source/user_code/USBLIB/USB-Driver/src/usb_core.c.o
 .debug_line    0x000000000000c999      0x224 project/source/user_code/USBLIB/USB-Driver/src/usb_init.c.o
 .debug_line    0x000000000000cbbd      0x704 project/source/user_code/USBLIB/USB-Driver/src/usb_int.c.o
 .debug_line    0x000000000000d2c1      0x389 project/source/user_code/USBLIB/USB-Driver/src/usb_mem.c.o
 .debug_line    0x000000000000d64a     0x122a project/source/user_code/USBLIB/USB-Driver/src/usb_regs.c.o
 .debug_line    0x000000000000e874      0x262 project/source/user_code/USBLIB/USB-Driver/src/usb_sil.c.o
 .debug_line    0x000000000000ead6      0x1ba project/source/user_code/ch32v20x_it.c.o
 .debug_line    0x000000000000ec90      0x5a2 project/source/user_code/system_ch32v20x.c.o
 .debug_line    0x000000000000f232     0x1986 project/source/user_code/usbd_compostie_km.c.o
 .debug_line    0x0000000000010bb8      0x258 project/source/Startup/startup_ch32v20x_D6.S.o

.debug_str      0x0000000000000000    0x34b25
 .debug_str     0x0000000000000000    0x2d449 project/source/Debug/debug.c.o
                                      0x2d66c (size before relaxing)
 .debug_str     0x000000000002d449      0x1cb project/source/Peripheral/src/ch32v20x_exti.c.o
                                      0x2d4d9 (size before relaxing)
 .debug_str     0x000000000002d614      0x34a project/source/Peripheral/src/ch32v20x_gpio.c.o
                                      0x2d7d9 (size before relaxing)
 .debug_str     0x000000000002d95e      0x918 project/source/Peripheral/src/ch32v20x_i2c.c.o
                                      0x2dce5 (size before relaxing)
 .debug_str     0x000000000002e276      0x444 project/source/Peripheral/src/ch32v20x_misc.c.o
                                      0x2d7af (size before relaxing)
 .debug_str     0x000000000002e6ba      0x8ba project/source/Peripheral/src/ch32v20x_rcc.c.o
                                      0x2dcf5 (size before relaxing)
 .debug_str     0x000000000002ef74      0xc37 project/source/Peripheral/src/ch32v20x_tim.c.o
                                      0x2e069 (size before relaxing)
 .debug_str     0x000000000002fbab      0x750 project/source/Peripheral/src/ch32v20x_usart.c.o
                                      0x2dc62 (size before relaxing)
 .debug_str     0x00000000000302fb     0x30cc project/source/user_code/Main.c.o
                                      0x303eb (size before relaxing)
 .debug_str     0x00000000000333c7      0x2ea project/source/user_code/USBLIB/CONFIG/hw_config.c.o
                                      0x30ba5 (size before relaxing)
 .debug_str     0x00000000000336b1       0x85 project/source/user_code/USBLIB/CONFIG/usb_desc.c.o
                                      0x2fbec (size before relaxing)
 .debug_str     0x0000000000033736       0xbd project/source/user_code/USBLIB/CONFIG/usb_endp.c.o
                                      0x2fc67 (size before relaxing)
 .debug_str     0x00000000000337f3      0x18d project/source/user_code/USBLIB/CONFIG/usb_istr.c.o
                                      0x2fec3 (size before relaxing)
 .debug_str     0x0000000000033980      0x4c9 project/source/user_code/USBLIB/CONFIG/usb_prop.c.o
                                      0x30c1c (size before relaxing)
 .debug_str     0x0000000000033e49       0x43 project/source/user_code/USBLIB/CONFIG/usb_pwr.c.o
                                      0x2fbbd (size before relaxing)
 .debug_str     0x0000000000033e8c      0x555 project/source/user_code/USBLIB/USB-Driver/src/usb_core.c.o
                                      0x304bd (size before relaxing)
 .debug_str     0x00000000000343e1       0x12 project/source/user_code/USBLIB/USB-Driver/src/usb_init.c.o
                                      0x2fd68 (size before relaxing)
 .debug_str     0x00000000000343f3       0x24 project/source/user_code/USBLIB/USB-Driver/src/usb_int.c.o
                                      0x2fa5d (size before relaxing)
 .debug_str     0x0000000000034417       0x30 project/source/user_code/USBLIB/USB-Driver/src/usb_mem.c.o
                                      0x2fa29 (size before relaxing)
 .debug_str     0x0000000000034447      0x316 project/source/user_code/USBLIB/USB-Driver/src/usb_regs.c.o
                                      0x2feea (size before relaxing)
 .debug_str     0x000000000003475d       0x3b project/source/user_code/USBLIB/USB-Driver/src/usb_sil.c.o
                                      0x2fa91 (size before relaxing)
 .debug_str     0x0000000000034798       0x1e project/source/user_code/ch32v20x_it.c.o
                                      0x2d2d8 (size before relaxing)
 .debug_str     0x00000000000347b6       0x68 project/source/user_code/system_ch32v20x.c.o
                                      0x2d400 (size before relaxing)
 .debug_str     0x000000000003481e      0x2bf project/source/user_code/usbd_compostie_km.c.o
                                      0x31220 (size before relaxing)
 .debug_str     0x0000000000034add       0x48 project/source/Startup/startup_ch32v20x_D6.S.o

.debug_line_str
                0x0000000000000000      0x9ee
 .debug_line_str
                0x0000000000000000      0x46a project/source/Debug/debug.c.o
                                        0x4f2 (size before relaxing)
 .debug_line_str
                0x000000000000046a       0x42 project/source/Peripheral/src/ch32v20x_exti.c.o
                                        0x52c (size before relaxing)
 .debug_line_str
                0x00000000000004ac       0x29 project/source/Peripheral/src/ch32v20x_gpio.c.o
                                        0x52c (size before relaxing)
 .debug_line_str
                0x00000000000004d5       0x28 project/source/Peripheral/src/ch32v20x_i2c.c.o
                                        0x529 (size before relaxing)
 .debug_line_str
                0x00000000000004fd       0x29 project/source/Peripheral/src/ch32v20x_misc.c.o
                                        0x52c (size before relaxing)
 .debug_line_str
                0x0000000000000526       0x28 project/source/Peripheral/src/ch32v20x_rcc.c.o
                                        0x529 (size before relaxing)
 .debug_line_str
                0x000000000000054e       0x28 project/source/Peripheral/src/ch32v20x_tim.c.o
                                        0x529 (size before relaxing)
 .debug_line_str
                0x0000000000000576       0x2a project/source/Peripheral/src/ch32v20x_usart.c.o
                                        0x52f (size before relaxing)
 .debug_line_str
                0x00000000000005a0      0x12d project/source/user_code/Main.c.o
                                        0x60e (size before relaxing)
 .debug_line_str
                0x00000000000006cd       0x39 project/source/user_code/USBLIB/CONFIG/hw_config.c.o
                                        0x636 (size before relaxing)
 .debug_line_str
                0x0000000000000706       0x2d project/source/user_code/USBLIB/CONFIG/usb_desc.c.o
                                        0x5d9 (size before relaxing)
 .debug_line_str
                0x0000000000000733       0x2d project/source/user_code/USBLIB/CONFIG/usb_endp.c.o
                                        0x5ee (size before relaxing)
 .debug_line_str
                0x0000000000000760       0x2d project/source/user_code/USBLIB/CONFIG/usb_istr.c.o
                                        0x5ee (size before relaxing)
 .debug_line_str
                0x000000000000078d       0x2d project/source/user_code/USBLIB/CONFIG/usb_prop.c.o
                                        0x628 (size before relaxing)
 .debug_line_str
                0x00000000000007ba       0x2c project/source/user_code/USBLIB/CONFIG/usb_pwr.c.o
                                        0x5d5 (size before relaxing)
 .debug_line_str
                0x00000000000007e6       0x5f project/source/user_code/USBLIB/USB-Driver/src/usb_core.c.o
                                        0x600 (size before relaxing)
 .debug_line_str
                0x0000000000000845       0x35 project/source/user_code/USBLIB/USB-Driver/src/usb_init.c.o
                                        0x600 (size before relaxing)
 .debug_line_str
                0x000000000000087a       0x34 project/source/user_code/USBLIB/USB-Driver/src/usb_int.c.o
                                        0x5fd (size before relaxing)
 .debug_line_str
                0x00000000000008ae       0x34 project/source/user_code/USBLIB/USB-Driver/src/usb_mem.c.o
                                        0x5fd (size before relaxing)
 .debug_line_str
                0x00000000000008e2       0x35 project/source/user_code/USBLIB/USB-Driver/src/usb_regs.c.o
                                        0x600 (size before relaxing)
 .debug_line_str
                0x0000000000000917       0x34 project/source/user_code/USBLIB/USB-Driver/src/usb_sil.c.o
                                        0x5fd (size before relaxing)
 .debug_line_str
                0x000000000000094b       0x22 project/source/user_code/ch32v20x_it.c.o
                                        0x508 (size before relaxing)
 .debug_line_str
                0x000000000000096d       0x26 project/source/user_code/system_ch32v20x.c.o
                                        0x514 (size before relaxing)
 .debug_line_str
                0x0000000000000993       0x33 project/source/user_code/usbd_compostie_km.c.o
                                        0x640 (size before relaxing)
 .debug_line_str
                0x00000000000009c6       0x28 project/source/Startup/startup_ch32v20x_D6.S.o
                                         0x52 (size before relaxing)

.comment        0x0000000000000000       0x33
 .comment       0x0000000000000000       0x33 project/source/Debug/debug.c.o
                                         0x34 (size before relaxing)
 .comment       0x0000000000000033       0x34 project/source/Peripheral/src/ch32v20x_exti.c.o
 .comment       0x0000000000000033       0x34 project/source/Peripheral/src/ch32v20x_gpio.c.o
 .comment       0x0000000000000033       0x34 project/source/Peripheral/src/ch32v20x_i2c.c.o
 .comment       0x0000000000000033       0x34 project/source/Peripheral/src/ch32v20x_misc.c.o
 .comment       0x0000000000000033       0x34 project/source/Peripheral/src/ch32v20x_rcc.c.o
 .comment       0x0000000000000033       0x34 project/source/Peripheral/src/ch32v20x_tim.c.o
 .comment       0x0000000000000033       0x34 project/source/Peripheral/src/ch32v20x_usart.c.o
 .comment       0x0000000000000033       0x34 project/source/user_code/Main.c.o
 .comment       0x0000000000000033       0x34 project/source/user_code/USBLIB/CONFIG/hw_config.c.o
 .comment       0x0000000000000033       0x34 project/source/user_code/USBLIB/CONFIG/usb_desc.c.o
 .comment       0x0000000000000033       0x34 project/source/user_code/USBLIB/CONFIG/usb_endp.c.o
 .comment       0x0000000000000033       0x34 project/source/user_code/USBLIB/CONFIG/usb_istr.c.o
 .comment       0x0000000000000033       0x34 project/source/user_code/USBLIB/CONFIG/usb_prop.c.o
 .comment       0x0000000000000033       0x34 project/source/user_code/USBLIB/CONFIG/usb_pwr.c.o
 .comment       0x0000000000000033       0x34 project/source/user_code/USBLIB/USB-Driver/src/usb_core.c.o
 .comment       0x0000000000000033       0x34 project/source/user_code/USBLIB/USB-Driver/src/usb_init.c.o
 .comment       0x0000000000000033       0x34 project/source/user_code/USBLIB/USB-Driver/src/usb_int.c.o
 .comment       0x0000000000000033       0x34 project/source/user_code/USBLIB/USB-Driver/src/usb_mem.c.o
 .comment       0x0000000000000033       0x34 project/source/user_code/USBLIB/USB-Driver/src/usb_regs.c.o
 .comment       0x0000000000000033       0x34 project/source/user_code/USBLIB/USB-Driver/src/usb_sil.c.o
 .comment       0x0000000000000033       0x34 project/source/user_code/ch32v20x_it.c.o
 .comment       0x0000000000000033       0x34 project/source/user_code/system_ch32v20x.c.o
 .comment       0x0000000000000033       0x34 project/source/user_code/usbd_compostie_km.c.o
 .comment       0x0000000000000033       0x34 /home/ddr/embeetle/beetle_tools/linux/gnu_riscv_xpack_toolchain_12.2.0_3_64b/bin/../lib/gcc/riscv-none-elf/12.2.0/../../../../riscv-none-elf/lib/libg_nano.a(lib_a-memcmp.o)

.riscv.attributes
                0x0000000000000000       0x2b
 .riscv.attributes
                0x0000000000000000       0x2b project/source/Debug/debug.c.o
 .riscv.attributes
                0x000000000000002b       0x2b project/source/Peripheral/src/ch32v20x_exti.c.o
 .riscv.attributes
                0x0000000000000056       0x2b project/source/Peripheral/src/ch32v20x_gpio.c.o
 .riscv.attributes
                0x0000000000000081       0x2b project/source/Peripheral/src/ch32v20x_i2c.c.o
 .riscv.attributes
                0x00000000000000ac       0x2b project/source/Peripheral/src/ch32v20x_misc.c.o
 .riscv.attributes
                0x00000000000000d7       0x2b project/source/Peripheral/src/ch32v20x_rcc.c.o
 .riscv.attributes
                0x0000000000000102       0x2b project/source/Peripheral/src/ch32v20x_tim.c.o
 .riscv.attributes
                0x000000000000012d       0x2b project/source/Peripheral/src/ch32v20x_usart.c.o
 .riscv.attributes
                0x0000000000000158       0x2b project/source/user_code/Main.c.o
 .riscv.attributes
                0x0000000000000183       0x2b project/source/user_code/USBLIB/CONFIG/hw_config.c.o
 .riscv.attributes
                0x00000000000001ae       0x2b project/source/user_code/USBLIB/CONFIG/usb_desc.c.o
 .riscv.attributes
                0x00000000000001d9       0x2b project/source/user_code/USBLIB/CONFIG/usb_endp.c.o
 .riscv.attributes
                0x0000000000000204       0x2b project/source/user_code/USBLIB/CONFIG/usb_istr.c.o
 .riscv.attributes
                0x000000000000022f       0x2b project/source/user_code/USBLIB/CONFIG/usb_prop.c.o
 .riscv.attributes
                0x000000000000025a       0x2b project/source/user_code/USBLIB/CONFIG/usb_pwr.c.o
 .riscv.attributes
                0x0000000000000285       0x2b project/source/user_code/USBLIB/USB-Driver/src/usb_core.c.o
 .riscv.attributes
                0x00000000000002b0       0x2b project/source/user_code/USBLIB/USB-Driver/src/usb_init.c.o
 .riscv.attributes
                0x00000000000002db       0x2b project/source/user_code/USBLIB/USB-Driver/src/usb_int.c.o
 .riscv.attributes
                0x0000000000000306       0x2b project/source/user_code/USBLIB/USB-Driver/src/usb_mem.c.o
 .riscv.attributes
                0x0000000000000331       0x2b project/source/user_code/USBLIB/USB-Driver/src/usb_regs.c.o
 .riscv.attributes
                0x000000000000035c       0x2b project/source/user_code/USBLIB/USB-Driver/src/usb_sil.c.o
 .riscv.attributes
                0x0000000000000387       0x2b project/source/user_code/ch32v20x_it.c.o
 .riscv.attributes
                0x00000000000003b2       0x2b project/source/user_code/system_ch32v20x.c.o
 .riscv.attributes
                0x00000000000003dd       0x2b project/source/user_code/usbd_compostie_km.c.o
 .riscv.attributes
                0x0000000000000408       0x29 project/source/Startup/startup_ch32v20x_D6.S.o
 .riscv.attributes
                0x0000000000000431       0x29 /home/ddr/embeetle/beetle_tools/linux/gnu_riscv_xpack_toolchain_12.2.0_3_64b/bin/../lib/gcc/riscv-none-elf/12.2.0/libgcc.a(save-restore.o)
 .riscv.attributes
                0x000000000000045a       0x2b /home/ddr/embeetle/beetle_tools/linux/gnu_riscv_xpack_toolchain_12.2.0_3_64b/bin/../lib/gcc/riscv-none-elf/12.2.0/../../../../riscv-none-elf/lib/libg_nano.a(lib_a-memcmp.o)
 .riscv.attributes
                0x0000000000000485       0x29 /home/ddr/embeetle/beetle_tools/linux/gnu_riscv_xpack_toolchain_12.2.0_3_64b/bin/../lib/gcc/riscv-none-elf/12.2.0/../../../../riscv-none-elf/lib/libg_nano.a(lib_a-memcpy-asm.o)

.debug_frame    0x0000000000000000     0x1d68
 .debug_frame   0x0000000000000000       0x9c project/source/Debug/debug.c.o
 .debug_frame   0x000000000000009c       0x90 project/source/Peripheral/src/ch32v20x_exti.c.o
 .debug_frame   0x000000000000012c      0x174 project/source/Peripheral/src/ch32v20x_gpio.c.o
 .debug_frame   0x00000000000002a0      0x25c project/source/Peripheral/src/ch32v20x_i2c.c.o
 .debug_frame   0x00000000000004fc       0x30 project/source/Peripheral/src/ch32v20x_misc.c.o
 .debug_frame   0x000000000000052c      0x240 project/source/Peripheral/src/ch32v20x_rcc.c.o
 .debug_frame   0x000000000000076c      0x634 project/source/Peripheral/src/ch32v20x_tim.c.o
 .debug_frame   0x0000000000000da0      0x204 project/source/Peripheral/src/ch32v20x_usart.c.o
 .debug_frame   0x0000000000000fa4       0x28 project/source/user_code/Main.c.o
 .debug_frame   0x0000000000000fcc       0xc0 project/source/user_code/USBLIB/CONFIG/hw_config.c.o
 .debug_frame   0x000000000000108c       0x50 project/source/user_code/USBLIB/CONFIG/usb_endp.c.o
 .debug_frame   0x00000000000010dc       0x34 project/source/user_code/USBLIB/CONFIG/usb_istr.c.o
 .debug_frame   0x0000000000001110      0x1a0 project/source/user_code/USBLIB/CONFIG/usb_prop.c.o
 .debug_frame   0x00000000000012b0       0x80 project/source/user_code/USBLIB/CONFIG/usb_pwr.c.o
 .debug_frame   0x0000000000001330      0x250 project/source/user_code/USBLIB/USB-Driver/src/usb_core.c.o
 .debug_frame   0x0000000000001580       0x20 project/source/user_code/USBLIB/USB-Driver/src/usb_init.c.o
 .debug_frame   0x00000000000015a0       0x58 project/source/user_code/USBLIB/USB-Driver/src/usb_int.c.o
 .debug_frame   0x00000000000015f8       0x30 project/source/user_code/USBLIB/USB-Driver/src/usb_mem.c.o
 .debug_frame   0x0000000000001628      0x3d4 project/source/user_code/USBLIB/USB-Driver/src/usb_regs.c.o
 .debug_frame   0x00000000000019fc       0x68 project/source/user_code/USBLIB/USB-Driver/src/usb_sil.c.o
 .debug_frame   0x0000000000001a64       0x30 project/source/user_code/ch32v20x_it.c.o
 .debug_frame   0x0000000000001a94       0x50 project/source/user_code/system_ch32v20x.c.o
 .debug_frame   0x0000000000001ae4      0x284 project/source/user_code/usbd_compostie_km.c.o
